
Running 2 tests using 2 workers

[1A[2K[1/2] [chromium] › tests/user-flows/canvas-concurrency.spec.ts:27:5 › Canvas Concurrency & Race Conditions › should prioritize user drag over remote sync updates
[1A[2K[2/2] [chromium] › tests/user-flows/canvas-concurrency.spec.ts:138:5 › Canvas Concurrency & Race Conditions › should prioritize user resize over remote sync updates
[1A[2K[chromium] › tests/user-flows/canvas-concurrency.spec.ts:27:5 › Canvas Concurrency & Race Conditions › should prioritize user drag over remote sync updates
Testing race condition on node: 72d42237-a203-4e98-9153-5cb4f4ae4cf6

[1A[2KAttempting to start drag...

[1A[2K[TEST-DEBUG] Attempt 1: Locked=true (user-drag), PosX=128

[1A[2KPM Comparison: Before=128, After=128

[1A[2KFinal displacement X: 124

[1A[2K  1) [chromium] › tests/user-flows/canvas-concurrency.spec.ts:138:5 › Canvas Concurrency & Race Conditions › should prioritize user resize over remote sync updates 

    TimeoutError: locator.waitFor: Timeout 5000ms exceeded.
    Call log:
    [2m  - waiting for locator('.vue-flow__node-sectionNode').filter({ hasText: 'Resize Race Group' }).first() to be visible[22m


      167 |         // Wait for group to render
      168 |         const groupNode = page.locator('.vue-flow__node-sectionNode').filter({ hasText: 'Resize Race Group' }).first();
    > 169 |         await groupNode.waitFor({ state: 'visible', timeout: 5000 });
          |                         ^
      170 |         const groupId = await groupNode.getAttribute('data-id');
      171 |
      172 |         // 2. Start Resizing
        at /home/endlessblink/my-projects/ai-development/productivity/pomo-flow/tests/user-flows/canvas-concurrency.spec.ts:169:25

    attachment #1: screenshot (image/png) ──────────────────────────────────────────────────────────
    test-results/user-flows-canvas-concurre-42cb0-ze-over-remote-sync-updates-chromium/test-failed-1.png
    ────────────────────────────────────────────────────────────────────────────────────────────────

    attachment #2: video (video/webm) ──────────────────────────────────────────────────────────────
    test-results/user-flows-canvas-concurre-42cb0-ze-over-remote-sync-updates-chromium/video.webm
    ────────────────────────────────────────────────────────────────────────────────────────────────

    Error Context: test-results/user-flows-canvas-concurre-42cb0-ze-over-remote-sync-updates-chromium/error-context.md


[1A[2K  1 failed
    [chromium] › tests/user-flows/canvas-concurrency.spec.ts:138:5 › Canvas Concurrency & Race Conditions › should prioritize user resize over remote sync updates 
  1 passed (10.8s)
