src/components/auth/AuthModal.vue(62,29): error TS2459: Module '"@/stores/auth"' declares 'User' locally, but it is not exported.
src/components/auth/GoogleSignInButton.vue(49,29): error TS2459: Module '"@/stores/auth"' declares 'User' locally, but it is not exported.
src/components/auth/GoogleSignInButton.vue(81,21): error TS2339: Property 'signInWithGoogle' does not exist on type 'Store<"auth", Pick<{ user: Ref<{ id: string; app_metadata: { [x: string]: any; provider?: string | undefined; providers?: string[] | undefined; }; user_metadata: UserMetadata; aud: string; ... 20 more ...; deleted_at?: string | undefined; } | null, User | ... 1 more ... | null>; ... 9 more ...; signOut: () => Promis...'.
src/components/auth/LoginForm.vue(118,29): error TS2459: Module '"@/stores/auth"' declares 'User' locally, but it is not exported.
src/components/auth/LoginForm.vue(178,5): error TS2322: Type 'AuthError | "Sign in failed. Please try again."' is not assignable to type 'string | null'.
  Type 'AuthError' is not assignable to type 'string'.
src/components/auth/ResetPasswordView.vue(144,21): error TS2339: Property 'sendPasswordResetEmail' does not exist on type 'Store<"auth", Pick<{ user: Ref<{ id: string; app_metadata: { [x: string]: any; provider?: string | undefined; providers?: string[] | undefined; }; user_metadata: UserMetadata; aud: string; ... 20 more ...; deleted_at?: string | undefined; } | null, User | ... 1 more ... | null>; ... 9 more ...; signOut: () => Promis...'.
src/components/auth/ResetPasswordView.vue(151,5): error TS2322: Type 'AuthError | "Failed to send reset email. Please try again."' is not assignable to type 'string | null'.
  Type 'AuthError' is not assignable to type 'string'.
src/components/auth/SignupForm.vue(158,29): error TS2459: Module '"@/stores/auth"' declares 'User' locally, but it is not exported.
src/components/auth/SignupForm.vue(241,21): error TS2339: Property 'signUpWithEmail' does not exist on type 'Store<"auth", Pick<{ user: Ref<{ id: string; app_metadata: { [x: string]: any; provider?: string | undefined; providers?: string[] | undefined; }; user_metadata: UserMetadata; aud: string; ... 20 more ...; deleted_at?: string | undefined; } | null, User | ... 1 more ... | null>; ... 9 more ...; signOut: () => Promis...'.
src/components/auth/SignupForm.vue(257,5): error TS2322: Type 'AuthError | "Sign up failed. Please try again."' is not assignable to type 'string | null'.
  Type 'AuthError' is not assignable to type 'string'.
src/components/auth/UserProfile.vue(6,33): error TS2339: Property 'photoURL' does not exist on type '{ id: string; app_metadata: { [x: string]: any; provider?: string | undefined; providers?: string[] | undefined; }; user_metadata: UserMetadata; aud: string; confirmation_sent_at?: string | undefined; ... 19 more ...; deleted_at?: string | undefined; }'.
src/components/auth/UserProfile.vue(7,32): error TS2339: Property 'photoURL' does not exist on type '{ id: string; app_metadata: { [x: string]: any; provider?: string | undefined; providers?: string[] | undefined; }; user_metadata: UserMetadata; aud: string; confirmation_sent_at?: string | undefined; ... 19 more ...; deleted_at?: string | undefined; }'.
src/components/auth/UserProfile.vue(89,26): error TS2339: Property 'displayName' does not exist on type '{ id: string; app_metadata: { [x: string]: any; provider?: string | undefined; providers?: string[] | undefined; }; user_metadata: UserMetadata; aud: string; confirmation_sent_at?: string | undefined; ... 19 more ...; deleted_at?: string | undefined; }'.
src/components/auth/UserProfile.vue(160,58): error TS2339: Property 'displayName' does not exist on type '{ id: string; app_metadata: { [x: string]: any; provider?: string | undefined; providers?: string[] | undefined; }; user_metadata: UserMetadata; aud: string; confirmation_sent_at?: string | undefined; ... 19 more ...; deleted_at?: string | undefined; }'.
src/components/auth/UserProfile.vue(161,55): error TS2339: Property 'photoURL' does not exist on type '{ id: string; app_metadata: { [x: string]: any; provider?: string | undefined; providers?: string[] | undefined; }; user_metadata: UserMetadata; aud: string; confirmation_sent_at?: string | undefined; ... 19 more ...; deleted_at?: string | undefined; }'.
src/components/canvas/CanvasGroup.vue(249,22): error TS2339: Property 'getMatchingTaskCount' does not exist on type 'Store<"canvas", Pick<{ viewport: Ref<{ x: number; y: number; zoom: number; }, { x: number; y: number; zoom: number; } | { x: number; y: number; zoom: number; }>; groups: Ref<{ id: string; name: string; type: "status" | "priority" | "project" | "timeline" | "custom"; ... 13 more ...; propertyValue?: any; }[], CanvasG...'.
src/components/canvas/CanvasGroup.vue(385,15): error TS2554: Expected 2 arguments, but got 1.
src/components/canvas/CanvasModals.vue(75,30): error TS2305: Module '"@/stores/canvas"' has no exported member 'AssignOnDropSettings'.
src/components/canvas/GroupManager.vue(315,15): error TS2339: Property 'toggleSectionVisibility' does not exist on type 'Store<"canvas", Pick<{ viewport: Ref<{ x: number; y: number; zoom: number; }, { x: number; y: number; zoom: number; } | { x: number; y: number; zoom: number; }>; groups: Ref<{ id: string; name: string; type: "status" | "priority" | "project" | "timeline" | "custom"; ... 13 more ...; propertyValue?: any; }[], CanvasG...'.
src/components/canvas/GroupNodeSimple.vue(142,15): error TS2339: Property 'toggleSectionCollapse' does not exist on type 'Store<"canvas", Pick<{ viewport: Ref<{ x: number; y: number; zoom: number; }, { x: number; y: number; zoom: number; } | { x: number; y: number; zoom: number; }>; groups: Ref<{ id: string; name: string; type: "status" | "priority" | "project" | "timeline" | "custom"; ... 13 more ...; propertyValue?: any; }[], CanvasG...'.
src/components/canvas/GroupSettingsMenu.vue(132,30): error TS2305: Module '"@/stores/canvas"' has no exported member 'AssignOnDropSettings'.
src/components/canvas/MultiSelectionOverlay.vue(159,52): error TS2339: Property 'multiSelectMode' does not exist on type 'Store<"canvas", Pick<{ viewport: Ref<{ x: number; y: number; zoom: number; }, { x: number; y: number; zoom: number; } | { x: number; y: number; zoom: number; }>; groups: Ref<{ id: string; name: string; type: "status" | "priority" | "project" | "timeline" | "custom"; ... 13 more ...; propertyValue?: any; }[], CanvasG...'.
src/components/canvas/MultiSelectionOverlay.vue(160,50): error TS2339: Property 'selectionMode' does not exist on type 'Store<"canvas", Pick<{ viewport: Ref<{ x: number; y: number; zoom: number; }, { x: number; y: number; zoom: number; } | { x: number; y: number; zoom: number; }>; groups: Ref<{ id: string; name: string; type: "status" | "priority" | "project" | "timeline" | "custom"; ... 13 more ...; propertyValue?: any; }[], CanvasG...'.
src/components/canvas/MultiSelectionOverlay.vue(161,50): error TS2339: Property 'selectionRect' does not exist on type 'Store<"canvas", Pick<{ viewport: Ref<{ x: number; y: number; zoom: number; }, { x: number; y: number; zoom: number; } | { x: number; y: number; zoom: number; }>; groups: Ref<{ id: string; name: string; type: "status" | "priority" | "project" | "timeline" | "custom"; ... 13 more ...; propertyValue?: any; }[], CanvasG...'.
src/components/canvas/MultiSelectionOverlay.vue(181,15): error TS2551: Property 'setSelectionMode' does not exist on type 'Store<"canvas", Pick<{ viewport: Ref<{ x: number; y: number; zoom: number; }, { x: number; y: number; zoom: number; } | { x: number; y: number; zoom: number; }>; groups: Ref<{ id: string; name: string; type: "status" | "priority" | "project" | "timeline" | "custom"; ... 13 more ...; propertyValue?: any; }[], CanvasG...'. Did you mean 'setSelectedNodes'?
src/components/canvas/MultiSelectionOverlay.vue(191,15): error TS2339: Property 'clearSelection' does not exist on type 'Store<"canvas", Pick<{ viewport: Ref<{ x: number; y: number; zoom: number; }, { x: number; y: number; zoom: number; } | { x: number; y: number; zoom: number; }>; groups: Ref<{ id: string; name: string; type: "status" | "priority" | "project" | "timeline" | "custom"; ... 13 more ...; propertyValue?: any; }[], CanvasG...'.
src/components/canvas/MultiSelectionOverlay.vue(249,15): error TS2339: Property 'startSelection' does not exist on type 'Store<"canvas", Pick<{ viewport: Ref<{ x: number; y: number; zoom: number; }, { x: number; y: number; zoom: number; } | { x: number; y: number; zoom: number; }>; groups: Ref<{ id: string; name: string; type: "status" | "priority" | "project" | "timeline" | "custom"; ... 13 more ...; propertyValue?: any; }[], CanvasG...'.
src/components/canvas/MultiSelectionOverlay.vue(258,15): error TS2551: Property 'updateSelection' does not exist on type 'Store<"canvas", Pick<{ viewport: Ref<{ x: number; y: number; zoom: number; }, { x: number; y: number; zoom: number; } | { x: number; y: number; zoom: number; }>; groups: Ref<{ id: string; name: string; type: "status" | "priority" | "project" | "timeline" | "custom"; ... 13 more ...; propertyValue?: any; }[], CanvasG...'. Did you mean 'updateSection'?
src/components/canvas/MultiSelectionOverlay.vue(265,15): error TS2339: Property 'endSelection' does not exist on type 'Store<"canvas", Pick<{ viewport: Ref<{ x: number; y: number; zoom: number; }, { x: number; y: number; zoom: number; } | { x: number; y: number; zoom: number; }>; groups: Ref<{ id: string; name: string; type: "status" | "priority" | "project" | "timeline" | "custom"; ... 13 more ...; propertyValue?: any; }[], CanvasG...'.
src/components/canvas/MultiSelectionOverlay.vue(269,17): error TS2339: Property 'selectNodesInRect' does not exist on type 'Store<"canvas", Pick<{ viewport: Ref<{ x: number; y: number; zoom: number; }, { x: number; y: number; zoom: number; } | { x: number; y: number; zoom: number; }>; groups: Ref<{ id: string; name: string; type: "status" | "priority" | "project" | "timeline" | "custom"; ... 13 more ...; propertyValue?: any; }[], CanvasG...'.
src/components/canvas/UnifiedGroupModal.vue(209,49): error TS2305: Module '"@/stores/canvas"' has no exported member 'AssignOnDropSettings'.
src/components/common/GroupModal.vue(273,5): error TS2769: No overload matches this call.
  Overload 1 of 3, '(evt: "created", group: CanvasGroup): void', gave the following error.
    Argument of type 'CanvasGroup | Promise<CanvasGroup>' is not assignable to parameter of type 'CanvasGroup'.
      Type 'Promise<CanvasGroup>' is missing the following properties from type 'CanvasGroup': id, name, type, position, and 4 more.
  Overload 2 of 3, '(evt: "updated", group: CanvasGroup): void', gave the following error.
    Argument of type '"created"' is not assignable to parameter of type '"updated"'.
src/components/tasks/TaskContextMenu.vue(574,23): error TS2339: Property 'requestSync' does not exist on type 'Store<"canvas", Pick<{ viewport: Ref<{ x: number; y: number; zoom: number; }, { x: number; y: number; zoom: number; } | { x: number; y: number; zoom: number; }>; groups: Ref<{ id: string; name: string; type: "status" | "priority" | "project" | "timeline" | "custom"; ... 13 more ...; propertyValue?: any; }[], CanvasG...'.
src/components/tasks/TaskContextMenu.vue(591,19): error TS2339: Property 'requestSync' does not exist on type 'Store<"canvas", Pick<{ viewport: Ref<{ x: number; y: number; zoom: number; }, { x: number; y: number; zoom: number; } | { x: number; y: number; zoom: number; }>; groups: Ref<{ id: string; name: string; type: "status" | "priority" | "project" | "timeline" | "custom"; ... 13 more ...; propertyValue?: any; }[], CanvasG...'.
src/components/tasks/TaskContextMenu.vue(607,19): error TS2339: Property 'requestSync' does not exist on type 'Store<"canvas", Pick<{ viewport: Ref<{ x: number; y: number; zoom: number; }, { x: number; y: number; zoom: number; } | { x: number; y: number; zoom: number; }>; groups: Ref<{ id: string; name: string; type: "status" | "priority" | "project" | "timeline" | "custom"; ... 13 more ...; propertyValue?: any; }[], CanvasG...'.
src/components/tasks/TaskContextMenu.vue(623,19): error TS2339: Property 'requestSync' does not exist on type 'Store<"canvas", Pick<{ viewport: Ref<{ x: number; y: number; zoom: number; }, { x: number; y: number; zoom: number; } | { x: number; y: number; zoom: number; }>; groups: Ref<{ id: string; name: string; type: "status" | "priority" | "project" | "timeline" | "custom"; ... 13 more ...; propertyValue?: any; }[], CanvasG...'.
src/components/tasks/TaskContextMenu.vue(637,19): error TS2339: Property 'requestSync' does not exist on type 'Store<"canvas", Pick<{ viewport: Ref<{ x: number; y: number; zoom: number; }, { x: number; y: number; zoom: number; } | { x: number; y: number; zoom: number; }>; groups: Ref<{ id: string; name: string; type: "status" | "priority" | "project" | "timeline" | "custom"; ... 13 more ...; propertyValue?: any; }[], CanvasG...'.
src/composables/app/useSidebarManagement.ts(289,13): error TS2339: Property 'persistState' does not exist on type 'Store<"ui", Pick<{ mainSidebarVisible: Ref<boolean, boolean>; secondarySidebarVisible: Ref<boolean, boolean>; focusMode: Ref<boolean, boolean>; boardDensity: Ref<"ultrathin" | "compact" | "comfortable", "ultrathin" | ... 1 more ... | "comfortable">; ... 35 more ...; loadState: () => void; }, "mainSidebarVisible" | ....'.
src/composables/app/useSidebarManagement.ts(360,17): error TS2339: Property 'persistState' does not exist on type 'Store<"ui", Pick<{ mainSidebarVisible: Ref<boolean, boolean>; secondarySidebarVisible: Ref<boolean, boolean>; focusMode: Ref<boolean, boolean>; boardDensity: Ref<"ultrathin" | "compact" | "comfortable", "ultrathin" | ... 1 more ... | "comfortable">; ... 35 more ...; loadState: () => void; }, "mainSidebarVisible" | ....'.
src/composables/app/useSidebarManagement.ts(373,15): error TS2339: Property 'persistState' does not exist on type 'Store<"ui", Pick<{ mainSidebarVisible: Ref<boolean, boolean>; secondarySidebarVisible: Ref<boolean, boolean>; focusMode: Ref<boolean, boolean>; boardDensity: Ref<"ultrathin" | "compact" | "comfortable", "ultrathin" | ... 1 more ... | "comfortable">; ... 35 more ...; loadState: () => void; }, "mainSidebarVisible" | ....'.
src/composables/app/useSidebarManagement.ts(433,13): error TS2339: Property 'persistState' does not exist on type 'Store<"ui", Pick<{ mainSidebarVisible: Ref<boolean, boolean>; secondarySidebarVisible: Ref<boolean, boolean>; focusMode: Ref<boolean, boolean>; boardDensity: Ref<"ultrathin" | "compact" | "comfortable", "ultrathin" | ... 1 more ... | "comfortable">; ... 35 more ...; loadState: () => void; }, "mainSidebarVisible" | ....'.
src/composables/canvas/useCanvasActions.ts(331,17): error TS2353: Object literal may only specify known properties, and 'items' does not exist in type 'CanvasGroup'.
src/composables/canvas/useCanvasZoom.ts(20,13): error TS2339: Property 'zoomConfig' does not exist on type 'ToRefs<Pick<{ viewport: Ref<{ x: number; y: number; zoom: number; }, { x: number; y: number; zoom: number; } | { x: number; y: number; zoom: number; }>; groups: Ref<{ id: string; name: string; type: "status" | "priority" | "project" | "timeline" | "custom"; ... 13 more ...; propertyValue?: any; }[], CanvasGroup[] | ...'.
src/composables/useGroupSettings.ts(10,15): error TS2305: Module '"@/stores/canvas"' has no exported member 'AssignOnDropSettings'.
src/composables/useGroupSettings.ts(10,37): error TS2305: Module '"@/stores/canvas"' has no exported member 'CollectFilterSettings'.
src/layouts/ModalManager.vue(271,17): error TS2339: Property 'requestSync' does not exist on type 'Store<"canvas", Pick<{ viewport: Ref<{ x: number; y: number; zoom: number; }, { x: number; y: number; zoom: number; } | { x: number; y: number; zoom: number; }>; groups: Ref<{ id: string; name: string; type: "status" | "priority" | "project" | "timeline" | "custom"; ... 13 more ...; propertyValue?: any; }[], CanvasG...'.
src/stores/__tests__/canvas.test.ts(59,13): error TS2339: Property 'clearSelection' does not exist on type 'Store<"canvas", Pick<{ viewport: Ref<{ x: number; y: number; zoom: number; }, { x: number; y: number; zoom: number; } | { x: number; y: number; zoom: number; }>; groups: Ref<{ id: string; name: string; type: "status" | "priority" | "project" | "timeline" | "custom"; ... 13 more ...; propertyValue?: any; }[], CanvasG...'.
src/stores/__tests__/canvas.test.ts(62,20): error TS2339: Property 'selectionRect' does not exist on type 'Store<"canvas", Pick<{ viewport: Ref<{ x: number; y: number; zoom: number; }, { x: number; y: number; zoom: number; } | { x: number; y: number; zoom: number; }>; groups: Ref<{ id: string; name: string; type: "status" | "priority" | "project" | "timeline" | "custom"; ... 13 more ...; propertyValue?: any; }[], CanvasG...'.
src/stores/__tests__/canvas.test.ts(63,20): error TS2339: Property 'isSelecting' does not exist on type 'Store<"canvas", Pick<{ viewport: Ref<{ x: number; y: number; zoom: number; }, { x: number; y: number; zoom: number; } | { x: number; y: number; zoom: number; }>; groups: Ref<{ id: string; name: string; type: "status" | "priority" | "project" | "timeline" | "custom"; ... 13 more ...; propertyValue?: any; }[], CanvasG...'.
src/stores/__tests__/canvas.test.ts(83,22): error TS2339: Property 'name' does not exist on type 'Promise<CanvasGroup>'.
src/stores/__tests__/canvas.test.ts(84,22): error TS2339: Property 'type' does not exist on type 'Promise<CanvasGroup>'.
src/stores/__tests__/canvas.test.ts(85,22): error TS2339: Property 'propertyValue' does not exist on type 'Promise<CanvasGroup>'.
src/stores/__tests__/canvas.test.ts(101,35): error TS2339: Property 'id' does not exist on type 'Promise<CanvasGroup>'.
src/stores/__tests__/canvas.test.ts(106,65): error TS2339: Property 'id' does not exist on type 'Promise<CanvasGroup>'.
src/stores/__tests__/canvas.test.ts(125,35): error TS2339: Property 'id' does not exist on type 'Promise<CanvasGroup>'.
src/stores/__tests__/canvas.test.ts(142,13): error TS2339: Property 'toggleSectionVisibility' does not exist on type 'Store<"canvas", Pick<{ viewport: Ref<{ x: number; y: number; zoom: number; }, { x: number; y: number; zoom: number; } | { x: number; y: number; zoom: number; }>; groups: Ref<{ id: string; name: string; type: "status" | "priority" | "project" | "timeline" | "custom"; ... 13 more ...; propertyValue?: any; }[], CanvasG...'.
src/stores/__tests__/canvas.test.ts(142,45): error TS2339: Property 'id' does not exist on type 'Promise<CanvasGroup>'.
src/stores/__tests__/canvas.test.ts(145,13): error TS2339: Property 'toggleSectionVisibility' does not exist on type 'Store<"canvas", Pick<{ viewport: Ref<{ x: number; y: number; zoom: number; }, { x: number; y: number; zoom: number; } | { x: number; y: number; zoom: number; }>; groups: Ref<{ id: string; name: string; type: "status" | "priority" | "project" | "timeline" | "custom"; ... 13 more ...; propertyValue?: any; }[], CanvasG...'.
src/stores/__tests__/canvas.test.ts(145,45): error TS2339: Property 'id' does not exist on type 'Promise<CanvasGroup>'.
src/stores/__tests__/canvas.test.ts(161,13): error TS2339: Property 'toggleSectionCollapse' does not exist on type 'Store<"canvas", Pick<{ viewport: Ref<{ x: number; y: number; zoom: number; }, { x: number; y: number; zoom: number; } | { x: number; y: number; zoom: number; }>; groups: Ref<{ id: string; name: string; type: "status" | "priority" | "project" | "timeline" | "custom"; ... 13 more ...; propertyValue?: any; }[], CanvasG...'.
src/stores/__tests__/canvas.test.ts(161,43): error TS2339: Property 'id' does not exist on type 'Promise<CanvasGroup>'.
src/stores/__tests__/canvas.test.ts(164,13): error TS2339: Property 'toggleSectionCollapse' does not exist on type 'Store<"canvas", Pick<{ viewport: Ref<{ x: number; y: number; zoom: number; }, { x: number; y: number; zoom: number; } | { x: number; y: number; zoom: number; }>; groups: Ref<{ id: string; name: string; type: "status" | "priority" | "project" | "timeline" | "custom"; ... 13 more ...; propertyValue?: any; }[], CanvasG...'.
src/stores/__tests__/canvas.test.ts(164,43): error TS2339: Property 'id' does not exist on type 'Promise<CanvasGroup>'.
src/stores/__tests__/canvas.test.ts(179,9): error TS2353: Object literal may only specify known properties, and 'autoCollect' does not exist in type 'Omit<CanvasGroup, "id">'.
src/stores/__tests__/canvas.test.ts(182,13): error TS2339: Property 'toggleAutoCollect' does not exist on type 'Store<"canvas", Pick<{ viewport: Ref<{ x: number; y: number; zoom: number; }, { x: number; y: number; zoom: number; } | { x: number; y: number; zoom: number; }>; groups: Ref<{ id: string; name: string; type: "status" | "priority" | "project" | "timeline" | "custom"; ... 13 more ...; propertyValue?: any; }[], CanvasG...'.
src/stores/__tests__/canvas.test.ts(182,39): error TS2339: Property 'id' does not exist on type 'Promise<CanvasGroup>'.
src/stores/__tests__/canvas.test.ts(183,32): error TS2339: Property 'autoCollect' does not exist on type '{ id: string; name: string; type: "status" | "priority" | "project" | "timeline" | "custom"; position: { x: number; y: number; width: number; height: number; }; color: string; filters?: { priorities?: ("low" | ... 1 more ... | "high")[] | undefined; statuses?: ("planned" | ... 3 more ... | "on_hold")[] | undefined; ...'.
src/stores/__tests__/canvas.test.ts(185,13): error TS2339: Property 'toggleAutoCollect' does not exist on type 'Store<"canvas", Pick<{ viewport: Ref<{ x: number; y: number; zoom: number; }, { x: number; y: number; zoom: number; } | { x: number; y: number; zoom: number; }>; groups: Ref<{ id: string; name: string; type: "status" | "priority" | "project" | "timeline" | "custom"; ... 13 more ...; propertyValue?: any; }[], CanvasG...'.
src/stores/__tests__/canvas.test.ts(185,39): error TS2339: Property 'id' does not exist on type 'Promise<CanvasGroup>'.
src/stores/__tests__/canvas.test.ts(186,32): error TS2339: Property 'autoCollect' does not exist on type '{ id: string; name: string; type: "status" | "priority" | "project" | "timeline" | "custom"; position: { x: number; y: number; width: number; height: number; }; color: string; filters?: { priorities?: ("low" | ... 1 more ... | "high")[] | undefined; statuses?: ("planned" | ... 3 more ... | "on_hold")[] | undefined; ...'.
src/stores/__tests__/canvas.test.ts(194,26): error TS2339: Property 'createPrioritySection' does not exist on type 'Store<"canvas", Pick<{ viewport: Ref<{ x: number; y: number; zoom: number; }, { x: number; y: number; zoom: number; } | { x: number; y: number; zoom: number; }>; groups: Ref<{ id: string; name: string; type: "status" | "priority" | "project" | "timeline" | "custom"; ... 13 more ...; propertyValue?: any; }[], CanvasG...'.
src/stores/__tests__/canvas.test.ts(195,28): error TS2339: Property 'createPrioritySection' does not exist on type 'Store<"canvas", Pick<{ viewport: Ref<{ x: number; y: number; zoom: number; }, { x: number; y: number; zoom: number; } | { x: number; y: number; zoom: number; }>; groups: Ref<{ id: string; name: string; type: "status" | "priority" | "project" | "timeline" | "custom"; ... 13 more ...; propertyValue?: any; }[], CanvasG...'.
src/stores/__tests__/canvas.test.ts(196,25): error TS2339: Property 'createPrioritySection' does not exist on type 'Store<"canvas", Pick<{ viewport: Ref<{ x: number; y: number; zoom: number; }, { x: number; y: number; zoom: number; } | { x: number; y: number; zoom: number; }>; groups: Ref<{ id: string; name: string; type: "status" | "priority" | "project" | "timeline" | "custom"; ... 13 more ...; propertyValue?: any; }[], CanvasG...'.
src/stores/__tests__/canvas.test.ts(215,29): error TS2551: Property 'createStatusSection' does not exist on type 'Store<"canvas", Pick<{ viewport: Ref<{ x: number; y: number; zoom: number; }, { x: number; y: number; zoom: number; } | { x: number; y: number; zoom: number; }>; groups: Ref<{ id: string; name: string; type: "status" | "priority" | "project" | "timeline" | "custom"; ... 13 more ...; propertyValue?: any; }[], CanvasG...'. Did you mean 'createSection'?
src/stores/__tests__/canvas.test.ts(216,32): error TS2551: Property 'createStatusSection' does not exist on type 'Store<"canvas", Pick<{ viewport: Ref<{ x: number; y: number; zoom: number; }, { x: number; y: number; zoom: number; } | { x: number; y: number; zoom: number; }>; groups: Ref<{ id: string; name: string; type: "status" | "priority" | "project" | "timeline" | "custom"; ... 13 more ...; propertyValue?: any; }[], CanvasG...'. Did you mean 'createSection'?
src/stores/__tests__/canvas.test.ts(217,26): error TS2551: Property 'createStatusSection' does not exist on type 'Store<"canvas", Pick<{ viewport: Ref<{ x: number; y: number; zoom: number; }, { x: number; y: number; zoom: number; } | { x: number; y: number; zoom: number; }>; groups: Ref<{ id: string; name: string; type: "status" | "priority" | "project" | "timeline" | "custom"; ... 13 more ...; propertyValue?: any; }[], CanvasG...'. Did you mean 'createSection'?
src/stores/__tests__/canvas.test.ts(235,29): error TS2339: Property 'createProjectSection' does not exist on type 'Store<"canvas", Pick<{ viewport: Ref<{ x: number; y: number; zoom: number; }, { x: number; y: number; zoom: number; } | { x: number; y: number; zoom: number; }>; groups: Ref<{ id: string; name: string; type: "status" | "priority" | "project" | "timeline" | "custom"; ... 13 more ...; propertyValue?: any; }[], CanvasG...'.
src/stores/__tests__/canvas.test.ts(248,29): error TS2339: Property 'createPrioritySection' does not exist on type 'Store<"canvas", Pick<{ viewport: Ref<{ x: number; y: number; zoom: number; }, { x: number; y: number; zoom: number; } | { x: number; y: number; zoom: number; }>; groups: Ref<{ id: string; name: string; type: "status" | "priority" | "project" | "timeline" | "custom"; ... 13 more ...; propertyValue?: any; }[], CanvasG...'.
src/stores/__tests__/canvas.test.ts(294,29): error TS2551: Property 'createStatusSection' does not exist on type 'Store<"canvas", Pick<{ viewport: Ref<{ x: number; y: number; zoom: number; }, { x: number; y: number; zoom: number; } | { x: number; y: number; zoom: number; }>; groups: Ref<{ id: string; name: string; type: "status" | "priority" | "project" | "timeline" | "custom"; ... 13 more ...; propertyValue?: any; }[], CanvasG...'. Did you mean 'createSection'?
src/stores/__tests__/canvas.test.ts(339,29): error TS2339: Property 'createPrioritySection' does not exist on type 'Store<"canvas", Pick<{ viewport: Ref<{ x: number; y: number; zoom: number; }, { x: number; y: number; zoom: number; } | { x: number; y: number; zoom: number; }>; groups: Ref<{ id: string; name: string; type: "status" | "priority" | "project" | "timeline" | "custom"; ... 13 more ...; propertyValue?: any; }[], CanvasG...'.
src/stores/__tests__/canvas.test.ts(368,29): error TS2551: Property 'createStatusSection' does not exist on type 'Store<"canvas", Pick<{ viewport: Ref<{ x: number; y: number; zoom: number; }, { x: number; y: number; zoom: number; } | { x: number; y: number; zoom: number; }>; groups: Ref<{ id: string; name: string; type: "status" | "priority" | "project" | "timeline" | "custom"; ... 13 more ...; propertyValue?: any; }[], CanvasG...'. Did you mean 'createSection'?
src/stores/__tests__/canvas.test.ts(397,29): error TS2339: Property 'createProjectSection' does not exist on type 'Store<"canvas", Pick<{ viewport: Ref<{ x: number; y: number; zoom: number; }, { x: number; y: number; zoom: number; } | { x: number; y: number; zoom: number; }>; groups: Ref<{ id: string; name: string; type: "status" | "priority" | "project" | "timeline" | "custom"; ... 13 more ...; propertyValue?: any; }[], CanvasG...'.
src/stores/__tests__/canvas.test.ts(429,20): error TS2339: Property 'multiSelectMode' does not exist on type 'Store<"canvas", Pick<{ viewport: Ref<{ x: number; y: number; zoom: number; }, { x: number; y: number; zoom: number; } | { x: number; y: number; zoom: number; }>; groups: Ref<{ id: string; name: string; type: "status" | "priority" | "project" | "timeline" | "custom"; ... 13 more ...; propertyValue?: any; }[], CanvasG...'.
src/stores/__tests__/canvas.test.ts(431,13): error TS2339: Property 'toggleMultiSelectMode' does not exist on type 'Store<"canvas", Pick<{ viewport: Ref<{ x: number; y: number; zoom: number; }, { x: number; y: number; zoom: number; } | { x: number; y: number; zoom: number; }>; groups: Ref<{ id: string; name: string; type: "status" | "priority" | "project" | "timeline" | "custom"; ... 13 more ...; propertyValue?: any; }[], CanvasG...'.
src/stores/__tests__/canvas.test.ts(432,20): error TS2339: Property 'multiSelectMode' does not exist on type 'Store<"canvas", Pick<{ viewport: Ref<{ x: number; y: number; zoom: number; }, { x: number; y: number; zoom: number; } | { x: number; y: number; zoom: number; }>; groups: Ref<{ id: string; name: string; type: "status" | "priority" | "project" | "timeline" | "custom"; ... 13 more ...; propertyValue?: any; }[], CanvasG...'.
src/stores/__tests__/canvas.test.ts(434,13): error TS2339: Property 'toggleMultiSelectMode' does not exist on type 'Store<"canvas", Pick<{ viewport: Ref<{ x: number; y: number; zoom: number; }, { x: number; y: number; zoom: number; } | { x: number; y: number; zoom: number; }>; groups: Ref<{ id: string; name: string; type: "status" | "priority" | "project" | "timeline" | "custom"; ... 13 more ...; propertyValue?: any; }[], CanvasG...'.
src/stores/__tests__/canvas.test.ts(435,20): error TS2339: Property 'multiSelectMode' does not exist on type 'Store<"canvas", Pick<{ viewport: Ref<{ x: number; y: number; zoom: number; }, { x: number; y: number; zoom: number; } | { x: number; y: number; zoom: number; }>; groups: Ref<{ id: string; name: string; type: "status" | "priority" | "project" | "timeline" | "custom"; ... 13 more ...; propertyValue?: any; }[], CanvasG...'.
src/stores/__tests__/canvas.test.ts(441,13): error TS2551: Property 'setSelectionMode' does not exist on type 'Store<"canvas", Pick<{ viewport: Ref<{ x: number; y: number; zoom: number; }, { x: number; y: number; zoom: number; } | { x: number; y: number; zoom: number; }>; groups: Ref<{ id: string; name: string; type: "status" | "priority" | "project" | "timeline" | "custom"; ... 13 more ...; propertyValue?: any; }[], CanvasG...'. Did you mean 'setSelectedNodes'?
src/stores/__tests__/canvas.test.ts(442,20): error TS2339: Property 'selectionMode' does not exist on type 'Store<"canvas", Pick<{ viewport: Ref<{ x: number; y: number; zoom: number; }, { x: number; y: number; zoom: number; } | { x: number; y: number; zoom: number; }>; groups: Ref<{ id: string; name: string; type: "status" | "priority" | "project" | "timeline" | "custom"; ... 13 more ...; propertyValue?: any; }[], CanvasG...'.
src/stores/__tests__/canvas.test.ts(444,13): error TS2551: Property 'setSelectionMode' does not exist on type 'Store<"canvas", Pick<{ viewport: Ref<{ x: number; y: number; zoom: number; }, { x: number; y: number; zoom: number; } | { x: number; y: number; zoom: number; }>; groups: Ref<{ id: string; name: string; type: "status" | "priority" | "project" | "timeline" | "custom"; ... 13 more ...; propertyValue?: any; }[], CanvasG...'. Did you mean 'setSelectedNodes'?
src/stores/__tests__/canvas.test.ts(445,20): error TS2339: Property 'selectionMode' does not exist on type 'Store<"canvas", Pick<{ viewport: Ref<{ x: number; y: number; zoom: number; }, { x: number; y: number; zoom: number; } | { x: number; y: number; zoom: number; }>; groups: Ref<{ id: string; name: string; type: "status" | "priority" | "project" | "timeline" | "custom"; ... 13 more ...; propertyValue?: any; }[], CanvasG...'.
src/stores/__tests__/canvas.test.ts(447,13): error TS2551: Property 'setSelectionMode' does not exist on type 'Store<"canvas", Pick<{ viewport: Ref<{ x: number; y: number; zoom: number; }, { x: number; y: number; zoom: number; } | { x: number; y: number; zoom: number; }>; groups: Ref<{ id: string; name: string; type: "status" | "priority" | "project" | "timeline" | "custom"; ... 13 more ...; propertyValue?: any; }[], CanvasG...'. Did you mean 'setSelectedNodes'?
src/stores/__tests__/canvas.test.ts(448,20): error TS2339: Property 'selectionMode' does not exist on type 'Store<"canvas", Pick<{ viewport: Ref<{ x: number; y: number; zoom: number; }, { x: number; y: number; zoom: number; } | { x: number; y: number; zoom: number; }>; groups: Ref<{ id: string; name: string; type: "status" | "priority" | "project" | "timeline" | "custom"; ... 13 more ...; propertyValue?: any; }[], CanvasG...'.
src/stores/__tests__/canvas.test.ts(454,13): error TS2339: Property 'startSelection' does not exist on type 'Store<"canvas", Pick<{ viewport: Ref<{ x: number; y: number; zoom: number; }, { x: number; y: number; zoom: number; } | { x: number; y: number; zoom: number; }>; groups: Ref<{ id: string; name: string; type: "status" | "priority" | "project" | "timeline" | "custom"; ... 13 more ...; propertyValue?: any; }[], CanvasG...'.
src/stores/__tests__/canvas.test.ts(455,20): error TS2339: Property 'isSelecting' does not exist on type 'Store<"canvas", Pick<{ viewport: Ref<{ x: number; y: number; zoom: number; }, { x: number; y: number; zoom: number; } | { x: number; y: number; zoom: number; }>; groups: Ref<{ id: string; name: string; type: "status" | "priority" | "project" | "timeline" | "custom"; ... 13 more ...; propertyValue?: any; }[], CanvasG...'.
src/stores/__tests__/canvas.test.ts(456,20): error TS2339: Property 'selectionRect' does not exist on type 'Store<"canvas", Pick<{ viewport: Ref<{ x: number; y: number; zoom: number; }, { x: number; y: number; zoom: number; } | { x: number; y: number; zoom: number; }>; groups: Ref<{ id: string; name: string; type: "status" | "priority" | "project" | "timeline" | "custom"; ... 13 more ...; propertyValue?: any; }[], CanvasG...'.
src/stores/__tests__/canvas.test.ts(458,13): error TS2551: Property 'updateSelection' does not exist on type 'Store<"canvas", Pick<{ viewport: Ref<{ x: number; y: number; zoom: number; }, { x: number; y: number; zoom: number; } | { x: number; y: number; zoom: number; }>; groups: Ref<{ id: string; name: string; type: "status" | "priority" | "project" | "timeline" | "custom"; ... 13 more ...; propertyValue?: any; }[], CanvasG...'. Did you mean 'updateSection'?
src/stores/__tests__/canvas.test.ts(459,20): error TS2339: Property 'selectionRect' does not exist on type 'Store<"canvas", Pick<{ viewport: Ref<{ x: number; y: number; zoom: number; }, { x: number; y: number; zoom: number; } | { x: number; y: number; zoom: number; }>; groups: Ref<{ id: string; name: string; type: "status" | "priority" | "project" | "timeline" | "custom"; ... 13 more ...; propertyValue?: any; }[], CanvasG...'.
src/stores/__tests__/canvas.test.ts(461,13): error TS2339: Property 'endSelection' does not exist on type 'Store<"canvas", Pick<{ viewport: Ref<{ x: number; y: number; zoom: number; }, { x: number; y: number; zoom: number; } | { x: number; y: number; zoom: number; }>; groups: Ref<{ id: string; name: string; type: "status" | "priority" | "project" | "timeline" | "custom"; ... 13 more ...; propertyValue?: any; }[], CanvasG...'.
src/stores/__tests__/canvas.test.ts(462,20): error TS2339: Property 'isSelecting' does not exist on type 'Store<"canvas", Pick<{ viewport: Ref<{ x: number; y: number; zoom: number; }, { x: number; y: number; zoom: number; } | { x: number; y: number; zoom: number; }>; groups: Ref<{ id: string; name: string; type: "status" | "priority" | "project" | "timeline" | "custom"; ... 13 more ...; propertyValue?: any; }[], CanvasG...'.
src/stores/__tests__/canvas.test.ts(476,13): error TS2339: Property 'selectNodesInRect' does not exist on type 'Store<"canvas", Pick<{ viewport: Ref<{ x: number; y: number; zoom: number; }, { x: number; y: number; zoom: number; } | { x: number; y: number; zoom: number; }>; groups: Ref<{ id: string; name: string; type: "status" | "priority" | "project" | "timeline" | "custom"; ... 13 more ...; propertyValue?: any; }[], CanvasG...'.
src/stores/__tests__/canvas.test.ts(491,13): error TS2339: Property 'toggleConnectMode' does not exist on type 'Store<"canvas", Pick<{ viewport: Ref<{ x: number; y: number; zoom: number; }, { x: number; y: number; zoom: number; } | { x: number; y: number; zoom: number; }>; groups: Ref<{ id: string; name: string; type: "status" | "priority" | "project" | "timeline" | "custom"; ... 13 more ...; propertyValue?: any; }[], CanvasG...'.
src/stores/__tests__/canvas.test.ts(494,13): error TS2339: Property 'toggleConnectMode' does not exist on type 'Store<"canvas", Pick<{ viewport: Ref<{ x: number; y: number; zoom: number; }, { x: number; y: number; zoom: number; } | { x: number; y: number; zoom: number; }>; groups: Ref<{ id: string; name: string; type: "status" | "priority" | "project" | "timeline" | "custom"; ... 13 more ...; propertyValue?: any; }[], CanvasG...'.
src/stores/__tests__/canvas.test.ts(502,13): error TS2339: Property 'startConnection' does not exist on type 'Store<"canvas", Pick<{ viewport: Ref<{ x: number; y: number; zoom: number; }, { x: number; y: number; zoom: number; } | { x: number; y: number; zoom: number; }>; groups: Ref<{ id: string; name: string; type: "status" | "priority" | "project" | "timeline" | "custom"; ... 13 more ...; propertyValue?: any; }[], CanvasG...'.
src/stores/__tests__/canvas.test.ts(510,13): error TS2339: Property 'startConnection' does not exist on type 'Store<"canvas", Pick<{ viewport: Ref<{ x: number; y: number; zoom: number; }, { x: number; y: number; zoom: number; } | { x: number; y: number; zoom: number; }>; groups: Ref<{ id: string; name: string; type: "status" | "priority" | "project" | "timeline" | "custom"; ... 13 more ...; propertyValue?: any; }[], CanvasG...'.
src/stores/__tests__/canvas.test.ts(512,13): error TS2339: Property 'clearConnection' does not exist on type 'Store<"canvas", Pick<{ viewport: Ref<{ x: number; y: number; zoom: number; }, { x: number; y: number; zoom: number; } | { x: number; y: number; zoom: number; }>; groups: Ref<{ id: string; name: string; type: "status" | "priority" | "project" | "timeline" | "custom"; ... 13 more ...; propertyValue?: any; }[], CanvasG...'.
src/stores/__tests__/canvas.test.ts(523,20): error TS2339: Property 'showPriorityIndicator' does not exist on type 'Store<"canvas", Pick<{ viewport: Ref<{ x: number; y: number; zoom: number; }, { x: number; y: number; zoom: number; } | { x: number; y: number; zoom: number; }>; groups: Ref<{ id: string; name: string; type: "status" | "priority" | "project" | "timeline" | "custom"; ... 13 more ...; propertyValue?: any; }[], CanvasG...'.
src/stores/__tests__/canvas.test.ts(525,13): error TS2339: Property 'togglePriorityIndicator' does not exist on type 'Store<"canvas", Pick<{ viewport: Ref<{ x: number; y: number; zoom: number; }, { x: number; y: number; zoom: number; } | { x: number; y: number; zoom: number; }>; groups: Ref<{ id: string; name: string; type: "status" | "priority" | "project" | "timeline" | "custom"; ... 13 more ...; propertyValue?: any; }[], CanvasG...'.
src/stores/__tests__/canvas.test.ts(526,20): error TS2339: Property 'showPriorityIndicator' does not exist on type 'Store<"canvas", Pick<{ viewport: Ref<{ x: number; y: number; zoom: number; }, { x: number; y: number; zoom: number; } | { x: number; y: number; zoom: number; }>; groups: Ref<{ id: string; name: string; type: "status" | "priority" | "project" | "timeline" | "custom"; ... 13 more ...; propertyValue?: any; }[], CanvasG...'.
src/stores/__tests__/canvas.test.ts(528,13): error TS2339: Property 'togglePriorityIndicator' does not exist on type 'Store<"canvas", Pick<{ viewport: Ref<{ x: number; y: number; zoom: number; }, { x: number; y: number; zoom: number; } | { x: number; y: number; zoom: number; }>; groups: Ref<{ id: string; name: string; type: "status" | "priority" | "project" | "timeline" | "custom"; ... 13 more ...; propertyValue?: any; }[], CanvasG...'.
src/stores/__tests__/canvas.test.ts(529,20): error TS2339: Property 'showPriorityIndicator' does not exist on type 'Store<"canvas", Pick<{ viewport: Ref<{ x: number; y: number; zoom: number; }, { x: number; y: number; zoom: number; } | { x: number; y: number; zoom: number; }>; groups: Ref<{ id: string; name: string; type: "status" | "priority" | "project" | "timeline" | "custom"; ... 13 more ...; propertyValue?: any; }[], CanvasG...'.
src/stores/__tests__/canvas.test.ts(535,20): error TS2339: Property 'showStatusBadge' does not exist on type 'Store<"canvas", Pick<{ viewport: Ref<{ x: number; y: number; zoom: number; }, { x: number; y: number; zoom: number; } | { x: number; y: number; zoom: number; }>; groups: Ref<{ id: string; name: string; type: "status" | "priority" | "project" | "timeline" | "custom"; ... 13 more ...; propertyValue?: any; }[], CanvasG...'.
src/stores/__tests__/canvas.test.ts(537,13): error TS2339: Property 'toggleStatusBadge' does not exist on type 'Store<"canvas", Pick<{ viewport: Ref<{ x: number; y: number; zoom: number; }, { x: number; y: number; zoom: number; } | { x: number; y: number; zoom: number; }>; groups: Ref<{ id: string; name: string; type: "status" | "priority" | "project" | "timeline" | "custom"; ... 13 more ...; propertyValue?: any; }[], CanvasG...'.
src/stores/__tests__/canvas.test.ts(538,20): error TS2339: Property 'showStatusBadge' does not exist on type 'Store<"canvas", Pick<{ viewport: Ref<{ x: number; y: number; zoom: number; }, { x: number; y: number; zoom: number; } | { x: number; y: number; zoom: number; }>; groups: Ref<{ id: string; name: string; type: "status" | "priority" | "project" | "timeline" | "custom"; ... 13 more ...; propertyValue?: any; }[], CanvasG...'.
src/stores/__tests__/canvas.test.ts(544,20): error TS2339: Property 'showDurationBadge' does not exist on type 'Store<"canvas", Pick<{ viewport: Ref<{ x: number; y: number; zoom: number; }, { x: number; y: number; zoom: number; } | { x: number; y: number; zoom: number; }>; groups: Ref<{ id: string; name: string; type: "status" | "priority" | "project" | "timeline" | "custom"; ... 13 more ...; propertyValue?: any; }[], CanvasG...'.
src/stores/__tests__/canvas.test.ts(546,13): error TS2339: Property 'toggleDurationBadge' does not exist on type 'Store<"canvas", Pick<{ viewport: Ref<{ x: number; y: number; zoom: number; }, { x: number; y: number; zoom: number; } | { x: number; y: number; zoom: number; }>; groups: Ref<{ id: string; name: string; type: "status" | "priority" | "project" | "timeline" | "custom"; ... 13 more ...; propertyValue?: any; }[], CanvasG...'.
src/stores/__tests__/canvas.test.ts(547,20): error TS2339: Property 'showDurationBadge' does not exist on type 'Store<"canvas", Pick<{ viewport: Ref<{ x: number; y: number; zoom: number; }, { x: number; y: number; zoom: number; } | { x: number; y: number; zoom: number; }>; groups: Ref<{ id: string; name: string; type: "status" | "priority" | "project" | "timeline" | "custom"; ... 13 more ...; propertyValue?: any; }[], CanvasG...'.
src/stores/__tests__/canvas.test.ts(553,20): error TS2339: Property 'showScheduleBadge' does not exist on type 'Store<"canvas", Pick<{ viewport: Ref<{ x: number; y: number; zoom: number; }, { x: number; y: number; zoom: number; } | { x: number; y: number; zoom: number; }>; groups: Ref<{ id: string; name: string; type: "status" | "priority" | "project" | "timeline" | "custom"; ... 13 more ...; propertyValue?: any; }[], CanvasG...'.
src/stores/__tests__/canvas.test.ts(555,13): error TS2339: Property 'toggleScheduleBadge' does not exist on type 'Store<"canvas", Pick<{ viewport: Ref<{ x: number; y: number; zoom: number; }, { x: number; y: number; zoom: number; } | { x: number; y: number; zoom: number; }>; groups: Ref<{ id: string; name: string; type: "status" | "priority" | "project" | "timeline" | "custom"; ... 13 more ...; propertyValue?: any; }[], CanvasG...'.
src/stores/__tests__/canvas.test.ts(556,20): error TS2339: Property 'showScheduleBadge' does not exist on type 'Store<"canvas", Pick<{ viewport: Ref<{ x: number; y: number; zoom: number; }, { x: number; y: number; zoom: number; } | { x: number; y: number; zoom: number; }>; groups: Ref<{ id: string; name: string; type: "status" | "priority" | "project" | "timeline" | "custom"; ... 13 more ...; propertyValue?: any; }[], CanvasG...'.
src/stores/__tests__/canvas.test.ts(564,13): error TS2339: Property 'setActiveSection' does not exist on type 'Store<"canvas", Pick<{ viewport: Ref<{ x: number; y: number; zoom: number; }, { x: number; y: number; zoom: number; } | { x: number; y: number; zoom: number; }>; groups: Ref<{ id: string; name: string; type: "status" | "priority" | "project" | "timeline" | "custom"; ... 13 more ...; propertyValue?: any; }[], CanvasG...'.
src/stores/__tests__/canvas.test.ts(565,20): error TS2339: Property 'activeSectionId' does not exist on type 'Store<"canvas", Pick<{ viewport: Ref<{ x: number; y: number; zoom: number; }, { x: number; y: number; zoom: number; } | { x: number; y: number; zoom: number; }>; groups: Ref<{ id: string; name: string; type: "status" | "priority" | "project" | "timeline" | "custom"; ... 13 more ...; propertyValue?: any; }[], CanvasG...'.
src/stores/__tests__/canvas.test.ts(567,13): error TS2339: Property 'setActiveSection' does not exist on type 'Store<"canvas", Pick<{ viewport: Ref<{ x: number; y: number; zoom: number; }, { x: number; y: number; zoom: number; } | { x: number; y: number; zoom: number; }>; groups: Ref<{ id: string; name: string; type: "status" | "priority" | "project" | "timeline" | "custom"; ... 13 more ...; propertyValue?: any; }[], CanvasG...'.
src/stores/__tests__/canvas.test.ts(568,20): error TS2339: Property 'activeSectionId' does not exist on type 'Store<"canvas", Pick<{ viewport: Ref<{ x: number; y: number; zoom: number; }, { x: number; y: number; zoom: number; } | { x: number; y: number; zoom: number; }>; groups: Ref<{ id: string; name: string; type: "status" | "priority" | "project" | "timeline" | "custom"; ... 13 more ...; propertyValue?: any; }[], CanvasG...'.
src/stores/__tests__/canvas.test.ts(583,13): error TS2339: Property 'setActiveSection' does not exist on type 'Store<"canvas", Pick<{ viewport: Ref<{ x: number; y: number; zoom: number; }, { x: number; y: number; zoom: number; } | { x: number; y: number; zoom: number; }>; groups: Ref<{ id: string; name: string; type: "status" | "priority" | "project" | "timeline" | "custom"; ... 13 more ...; propertyValue?: any; }[], CanvasG...'.
src/stores/__tests__/canvas.test.ts(583,38): error TS2339: Property 'id' does not exist on type 'Promise<CanvasGroup>'.
src/stores/__tests__/canvas.test.ts(584,20): error TS2339: Property 'activeSectionId' does not exist on type 'Store<"canvas", Pick<{ viewport: Ref<{ x: number; y: number; zoom: number; }, { x: number; y: number; zoom: number; } | { x: number; y: number; zoom: number; }>; groups: Ref<{ id: string; name: string; type: "status" | "priority" | "project" | "timeline" | "custom"; ... 13 more ...; propertyValue?: any; }[], CanvasG...'.
src/stores/__tests__/canvas.test.ts(584,50): error TS2339: Property 'id' does not exist on type 'Promise<CanvasGroup>'.
src/stores/__tests__/canvas.test.ts(586,35): error TS2339: Property 'id' does not exist on type 'Promise<CanvasGroup>'.
src/stores/__tests__/canvas.test.ts(587,20): error TS2339: Property 'activeSectionId' does not exist on type 'Store<"canvas", Pick<{ viewport: Ref<{ x: number; y: number; zoom: number; }, { x: number; y: number; zoom: number; } | { x: number; y: number; zoom: number; }>; groups: Ref<{ id: string; name: string; type: "status" | "priority" | "project" | "timeline" | "custom"; ... 13 more ...; propertyValue?: any; }[], CanvasG...'.
src/views/CanvasView.vue(213,113): error TS2339: Property 'multiSelectMode' does not exist on type 'Store<"canvas", Pick<{ viewport: Ref<{ x: number; y: number; zoom: number; }, { x: number; y: number; zoom: number; } | { x: number; y: number; zoom: number; }>; groups: Ref<{ id: string; name: string; type: "status" | "priority" | "project" | "timeline" | "custom"; ... 13 more ...; propertyValue?: any; }[], CanvasG...'.
src/views/CanvasView.vue(217,49): error TS2339: Property 'multiSelectMode' does not exist on type 'Store<"canvas", Pick<{ viewport: Ref<{ x: number; y: number; zoom: number; }, { x: number; y: number; zoom: number; } | { x: number; y: number; zoom: number; }>; groups: Ref<{ id: string; name: string; type: "status" | "priority" | "project" | "timeline" | "custom"; ... 13 more ...; propertyValue?: any; }[], CanvasG...'.
src/views/CanvasView.vue(218,45): error TS2339: Property 'showPriorityIndicator' does not exist on type 'Store<"canvas", Pick<{ viewport: Ref<{ x: number; y: number; zoom: number; }, { x: number; y: number; zoom: number; } | { x: number; y: number; zoom: number; }>; groups: Ref<{ id: string; name: string; type: "status" | "priority" | "project" | "timeline" | "custom"; ... 13 more ...; propertyValue?: any; }[], CanvasG...'.
src/views/CanvasView.vue(219,43): error TS2339: Property 'showStatusBadge' does not exist on type 'Store<"canvas", Pick<{ viewport: Ref<{ x: number; y: number; zoom: number; }, { x: number; y: number; zoom: number; } | { x: number; y: number; zoom: number; }>; groups: Ref<{ id: string; name: string; type: "status" | "priority" | "project" | "timeline" | "custom"; ... 13 more ...; propertyValue?: any; }[], CanvasG...'.
src/views/CanvasView.vue(220,45): error TS2339: Property 'showDurationBadge' does not exist on type 'Store<"canvas", Pick<{ viewport: Ref<{ x: number; y: number; zoom: number; }, { x: number; y: number; zoom: number; } | { x: number; y: number; zoom: number; }>; groups: Ref<{ id: string; name: string; type: "status" | "priority" | "project" | "timeline" | "custom"; ... 13 more ...; propertyValue?: any; }[], CanvasG...'.
src/views/CanvasView.vue(221,45): error TS2339: Property 'showScheduleBadge' does not exist on type 'Store<"canvas", Pick<{ viewport: Ref<{ x: number; y: number; zoom: number; }, { x: number; y: number; zoom: number; } | { x: number; y: number; zoom: number; }>; groups: Ref<{ id: string; name: string; type: "status" | "priority" | "project" | "timeline" | "custom"; ... 13 more ...; propertyValue?: any; }[], CanvasG...'.
src/views/CanvasView.vue(402,30): error TS2305: Module '"../stores/canvas"' has no exported member 'AssignOnDropSettings'.
src/views/CanvasView.vue(801,19): error TS2345: Argument of type '{ nodes: Ref<{ id: string; label?: string | VNode<RendererNode, RendererElement, { [key: string]: any; }> | FunctionalComponent<any, {}, any, {}> | ComponentPublicInstanceConstructor<...> | { ...; } | undefined; ... 25 more ...; domAttributes?: { ...; } | undefined; }[], Node<...>[] | { id: string; label?: string | ...' is not assignable to parameter of type 'SyncDependencies'.
  Property 'setOperationLoading' is missing in type '{ nodes: Ref<{ id: string; label?: string | VNode<RendererNode, RendererElement, { [key: string]: any; }> | FunctionalComponent<any, {}, any, {}> | ComponentPublicInstanceConstructor<...> | { ...; } | undefined; ... 25 more ...; domAttributes?: { ...; } | undefined; }[], Node<...>[] | { id: string; label?: string | ...' but required in type 'SyncDependencies'.
src/views/CanvasView.vue(1005,15): error TS2339: Property 'clearSelection' does not exist on type 'Store<"canvas", Pick<{ viewport: Ref<{ x: number; y: number; zoom: number; }, { x: number; y: number; zoom: number; } | { x: number; y: number; zoom: number; }>; groups: Ref<{ id: string; name: string; type: "status" | "priority" | "project" | "timeline" | "custom"; ... 13 more ...; propertyValue?: any; }[], CanvasG...'.
src/views/CanvasView.vue(1054,34): error TS2352: Conversion of type '{ id: string; name: string; color: string; position: { x: number; y: number; width: number; height: number; }; isCollapsed: false; items: never[]; type: "custom"; }' to type 'CanvasGroup' may be a mistake because neither type sufficiently overlaps with the other. If this was intentional, convert the expression to 'unknown' first.
  Type '{ id: string; name: string; color: string; position: { x: number; y: number; width: number; height: number; }; isCollapsed: false; items: never[]; type: "custom"; }' is missing the following properties from type 'CanvasGroup': layout, isVisible
src/views/CanvasView.vue(1756,23): error TS2339: Property 'syncTrigger' does not exist on type 'Store<"canvas", Pick<{ viewport: Ref<{ x: number; y: number; zoom: number; }, { x: number; y: number; zoom: number; } | { x: number; y: number; zoom: number; }>; groups: Ref<{ id: string; name: string; type: "status" | "priority" | "project" | "timeline" | "custom"; ... 13 more ...; propertyValue?: any; }[], CanvasG...'.
src/views/CanvasView.vue(1936,26): error TS2339: Property 'autoCollect' does not exist on type '{ id: string; name: string; type: "status" | "priority" | "project" | "timeline" | "custom"; position: { x: number; y: number; width: number; height: number; }; color: string; filters?: { priorities?: ("low" | ... 1 more ... | "high")[] | undefined; statuses?: ("planned" | ... 3 more ... | "on_hold")[] | undefined; ...'.
src/views/CanvasView.vue(1953,58): error TS2345: Argument of type '{ id: string; name: string; type: "status" | "priority" | "project" | "timeline" | "custom"; position: { x: number; y: number; width: number; height: number; }; color: string; filters?: { priorities?: ("low" | ... 1 more ... | "high")[] | undefined; statuses?: ("planned" | ... 3 more ... | "on_hold")[] | undefined; ...' is not assignable to parameter of type 'string'.
src/views/CanvasView.vue(2590,15): error TS2554: Expected 2 arguments, but got 1.
src/views/CanvasView.vue(2656,56): error TS2554: Expected 1 arguments, but got 2.
