src/components/auth/GoogleSignInButton.vue(81,21): error TS2339: Property 'signInWithGoogle' does not exist on type 'Store<"auth", Pick<{ user: Ref<{ id: string; app_metadata: { [x: string]: any; provider?: string | undefined; providers?: string[] | undefined; }; user_metadata: UserMetadata; aud: string; ... 20 more ...; deleted_at?: string | undefined; } | null, User | ... 1 more ... | null>; ... 9 more ...; signOut: () => Promis...'.
src/components/auth/GoogleSignInButton.vue(87,5): error TS2769: No overload matches this call.
  Overload 1 of 2, '(evt: "error", error: Error): void', gave the following error.
    Argument of type '"success"' is not assignable to parameter of type '"error"'.
  Overload 2 of 2, '(evt: "success", user: User): void', gave the following error.
    Argument of type '{ id: string; app_metadata: { [x: string]: any; provider?: string | undefined; providers?: string[] | undefined; }; user_metadata: UserMetadata; aud: string; confirmation_sent_at?: string | undefined; ... 19 more ...; deleted_at?: string | undefined; } | null' is not assignable to parameter of type 'User'.
      Type 'null' is not assignable to type 'User'.
src/components/auth/LoginForm.vue(171,5): error TS2769: No overload matches this call.
  Overload 1 of 3, '(evt: "success", user: User): void', gave the following error.
    Argument of type '{ id: string; app_metadata: { [x: string]: any; provider?: string | undefined; providers?: string[] | undefined; }; user_metadata: UserMetadata; aud: string; confirmation_sent_at?: string | undefined; ... 19 more ...; deleted_at?: string | undefined; } | null' is not assignable to parameter of type 'User'.
      Type 'null' is not assignable to type 'User'.
  Overload 2 of 3, '(evt: "forgotPassword", email: string): void', gave the following error.
    Argument of type '"success"' is not assignable to parameter of type '"forgotPassword"'.
src/components/auth/LoginForm.vue(178,5): error TS2322: Type 'AuthError | "Sign in failed. Please try again."' is not assignable to type 'string | null'.
  Type 'AuthError' is not assignable to type 'string'.
src/components/auth/ResetPasswordView.vue(144,21): error TS2339: Property 'sendPasswordResetEmail' does not exist on type 'Store<"auth", Pick<{ user: Ref<{ id: string; app_metadata: { [x: string]: any; provider?: string | undefined; providers?: string[] | undefined; }; user_metadata: UserMetadata; aud: string; ... 20 more ...; deleted_at?: string | undefined; } | null, User | ... 1 more ... | null>; ... 9 more ...; signOut: () => Promis...'.
src/components/auth/ResetPasswordView.vue(151,5): error TS2322: Type 'AuthError | "Failed to send reset email. Please try again."' is not assignable to type 'string | null'.
  Type 'AuthError' is not assignable to type 'string'.
src/components/auth/SignupForm.vue(241,21): error TS2339: Property 'signUpWithEmail' does not exist on type 'Store<"auth", Pick<{ user: Ref<{ id: string; app_metadata: { [x: string]: any; provider?: string | undefined; providers?: string[] | undefined; }; user_metadata: UserMetadata; aud: string; ... 20 more ...; deleted_at?: string | undefined; } | null, User | ... 1 more ... | null>; ... 9 more ...; signOut: () => Promis...'.
src/components/auth/SignupForm.vue(248,21): error TS2345: Argument of type '{ id: string; app_metadata: { [x: string]: any; provider?: string | undefined; providers?: string[] | undefined; }; user_metadata: UserMetadata; aud: string; confirmation_sent_at?: string | undefined; ... 19 more ...; deleted_at?: string | undefined; } | null' is not assignable to parameter of type 'User'.
  Type 'null' is not assignable to type 'User'.
src/components/auth/SignupForm.vue(257,5): error TS2322: Type 'AuthError | "Sign up failed. Please try again."' is not assignable to type 'string | null'.
  Type 'AuthError' is not assignable to type 'string'.
src/components/auth/UserProfile.vue(6,33): error TS2339: Property 'photoURL' does not exist on type '{ id: string; app_metadata: { [x: string]: any; provider?: string | undefined; providers?: string[] | undefined; }; user_metadata: UserMetadata; aud: string; confirmation_sent_at?: string | undefined; ... 19 more ...; deleted_at?: string | undefined; }'.
src/components/auth/UserProfile.vue(7,32): error TS2339: Property 'photoURL' does not exist on type '{ id: string; app_metadata: { [x: string]: any; provider?: string | undefined; providers?: string[] | undefined; }; user_metadata: UserMetadata; aud: string; confirmation_sent_at?: string | undefined; ... 19 more ...; deleted_at?: string | undefined; }'.
src/components/auth/UserProfile.vue(89,26): error TS2339: Property 'displayName' does not exist on type '{ id: string; app_metadata: { [x: string]: any; provider?: string | undefined; providers?: string[] | undefined; }; user_metadata: UserMetadata; aud: string; confirmation_sent_at?: string | undefined; ... 19 more ...; deleted_at?: string | undefined; }'.
src/components/auth/UserProfile.vue(160,58): error TS2339: Property 'displayName' does not exist on type '{ id: string; app_metadata: { [x: string]: any; provider?: string | undefined; providers?: string[] | undefined; }; user_metadata: UserMetadata; aud: string; confirmation_sent_at?: string | undefined; ... 19 more ...; deleted_at?: string | undefined; }'.
src/components/auth/UserProfile.vue(161,55): error TS2339: Property 'photoURL' does not exist on type '{ id: string; app_metadata: { [x: string]: any; provider?: string | undefined; providers?: string[] | undefined; }; user_metadata: UserMetadata; aud: string; confirmation_sent_at?: string | undefined; ... 19 more ...; deleted_at?: string | undefined; }'.
src/components/canvas/CanvasGroup.vue(249,61): error TS2554: Expected 1 arguments, but got 2.
src/components/canvas/CanvasGroup.vue(385,15): error TS2554: Expected 2 arguments, but got 1.
src/components/canvas/GroupNodeSimple.vue(142,52): error TS2554: Expected 1 arguments, but got 2.
src/components/canvas/GroupSettingsMenu.vue(52,47): error TS2322: Type '"medium" | "low" | "high" | null | undefined' is not assignable to type '"medium" | "low" | "high" | undefined'.
  Type 'null' is not assignable to type '"medium" | "low" | "high" | undefined'.
src/components/canvas/GroupSettingsMenu.vue(62,47): error TS2322: Type '"in_progress" | "planned" | "done" | "backlog" | "on_hold" | null | undefined' is not assignable to type '"in_progress" | "planned" | "done" | "backlog" | "on_hold" | undefined'.
  Type 'null' is not assignable to type '"in_progress" | "planned" | "done" | "backlog" | "on_hold" | undefined'.
src/components/canvas/GroupSettingsMenu.vue(72,47): error TS2322: Type 'string | null | undefined' is not assignable to type 'string | undefined'.
  Type 'null' is not assignable to type 'string | undefined'.
src/components/canvas/GroupSettingsMenu.vue(79,45): error TS2339: Property 'projectId' does not exist on type '{ assigneeId?: string | undefined; priority?: "medium" | "low" | "high" | undefined; status?: "in_progress" | "planned" | "done" | "backlog" | "on_hold" | undefined; dueDate?: string | undefined; tags?: string[] | undefined; }'.
src/components/canvas/GroupSettingsMenu.vue(82,61): error TS2339: Property 'projectId' does not exist on type '{ assigneeId?: string | undefined; priority?: "medium" | "low" | "high" | undefined; status?: "in_progress" | "planned" | "done" | "backlog" | "on_hold" | undefined; dueDate?: string | undefined; tags?: string[] | undefined; }'.
src/components/canvas/GroupSettingsMenu.vue(180,3): error TS2322: Type 'null' is not assignable to type '"medium" | "low" | "high" | undefined'.
src/components/canvas/GroupSettingsMenu.vue(181,3): error TS2322: Type 'null' is not assignable to type '"in_progress" | "planned" | "done" | "backlog" | "on_hold" | undefined'.
src/components/canvas/GroupSettingsMenu.vue(182,3): error TS2322: Type 'null' is not assignable to type 'string | undefined'.
src/components/canvas/GroupSettingsMenu.vue(208,3): error TS2322: Type 'null' is not assignable to type '"medium" | "low" | "high" | undefined'.
src/components/canvas/GroupSettingsMenu.vue(209,3): error TS2322: Type 'null' is not assignable to type '"in_progress" | "planned" | "done" | "backlog" | "on_hold" | undefined'.
src/components/canvas/GroupSettingsMenu.vue(210,3): error TS2322: Type 'null' is not assignable to type 'string | undefined'.
src/components/canvas/GroupSettingsMenu.vue(211,17): error TS2339: Property 'projectId' does not exist on type '{ assigneeId?: string | undefined; priority?: "medium" | "low" | "high" | undefined; status?: "in_progress" | "planned" | "done" | "backlog" | "on_hold" | undefined; dueDate?: string | undefined; tags?: string[] | undefined; }'.
src/components/canvas/GroupSettingsMenu.vue(218,5): error TS2322: Type '"medium" | "low" | "high" | null' is not assignable to type '"medium" | "low" | "high" | undefined'.
  Type 'null' is not assignable to type '"medium" | "low" | "high" | undefined'.
src/components/canvas/GroupSettingsMenu.vue(219,5): error TS2322: Type '"in_progress" | "planned" | "done" | "backlog" | "on_hold" | null' is not assignable to type '"in_progress" | "planned" | "done" | "backlog" | "on_hold" | undefined'.
  Type 'null' is not assignable to type '"in_progress" | "planned" | "done" | "backlog" | "on_hold" | undefined'.
src/components/canvas/GroupSettingsMenu.vue(220,5): error TS2322: Type 'string | null' is not assignable to type 'string | undefined'.
  Type 'null' is not assignable to type 'string | undefined'.
src/components/canvas/GroupSettingsMenu.vue(221,19): error TS2339: Property 'projectId' does not exist on type '{ assigneeId?: string | undefined; priority?: "medium" | "low" | "high" | undefined; status?: "in_progress" | "planned" | "done" | "backlog" | "on_hold" | undefined; dueDate?: string | undefined; tags?: string[] | undefined; }'.
src/components/canvas/GroupSettingsMenu.vue(221,44): error TS2339: Property 'projectId' does not exist on type 'AssignOnDropSettings'.
src/components/canvas/GroupSettingsMenu.vue(240,21): error TS2339: Property 'projectId' does not exist on type '{ assigneeId?: string | undefined; priority?: "medium" | "low" | "high" | undefined; status?: "in_progress" | "planned" | "done" | "backlog" | "on_hold" | undefined; dueDate?: string | undefined; tags?: string[] | undefined; }'.
src/components/canvas/GroupSettingsMenu.vue(240,45): error TS2339: Property 'projectId' does not exist on type 'AssignOnDropSettings'.
src/components/canvas/GroupSettingsMenu.vue(240,71): error TS2339: Property 'projectId' does not exist on type '{ assigneeId?: string | undefined; priority?: "medium" | "low" | "high" | undefined; status?: "in_progress" | "planned" | "done" | "backlog" | "on_hold" | undefined; dueDate?: string | undefined; tags?: string[] | undefined; }'.
src/components/canvas/GroupSettingsMenu.vue(256,21): error TS2339: Property 'projectId' does not exist on type '{ assigneeId?: string | undefined; priority?: "medium" | "low" | "high" | undefined; status?: "in_progress" | "planned" | "done" | "backlog" | "on_hold" | undefined; dueDate?: string | undefined; tags?: string[] | undefined; }'.
src/components/canvas/MultiSelectionOverlay.vue(249,45): error TS2554: Expected 1 arguments, but got 2.
src/components/canvas/MultiSelectionOverlay.vue(258,46): error TS2554: Expected 1 arguments, but got 2.
src/components/canvas/MultiSelectionOverlay.vue(269,56): error TS2554: Expected 1 arguments, but got 2.
src/components/canvas/UnifiedGroupModal.vue(112,49): error TS2322: Type '"medium" | "low" | "high" | null' is not assignable to type '"medium" | "low" | "high" | undefined'.
  Type 'null' is not assignable to type '"medium" | "low" | "high" | undefined'.
src/components/canvas/UnifiedGroupModal.vue(123,49): error TS2322: Type '"in_progress" | "planned" | "done" | "backlog" | "on_hold" | null' is not assignable to type '"in_progress" | "planned" | "done" | "backlog" | "on_hold" | undefined'.
  Type 'null' is not assignable to type '"in_progress" | "planned" | "done" | "backlog" | "on_hold" | undefined'.
src/components/canvas/UnifiedGroupModal.vue(134,49): error TS2322: Type '"today" | "tomorrow" | "later" | "this_week" | "this_weekend" | null' is not assignable to type 'string | undefined'.
  Type 'null' is not assignable to type 'string | undefined'.
src/components/canvas/UnifiedGroupModal.vue(141,47): error TS2339: Property 'projectId' does not exist on type '{ assigneeId?: string | undefined; priority?: "medium" | "low" | "high" | undefined; status?: "in_progress" | "planned" | "done" | "backlog" | "on_hold" | undefined; dueDate?: string | undefined; tags?: string[] | undefined; }'.
src/components/canvas/UnifiedGroupModal.vue(144,63): error TS2339: Property 'projectId' does not exist on type '{ assigneeId?: string | undefined; priority?: "medium" | "low" | "high" | undefined; status?: "in_progress" | "planned" | "done" | "backlog" | "on_hold" | undefined; dueDate?: string | undefined; tags?: string[] | undefined; }'.
src/components/canvas/UnifiedGroupModal.vue(152,47): error TS2339: Property 'estimatedDuration' does not exist on type '{ assigneeId?: string | undefined; priority?: "medium" | "low" | "high" | undefined; status?: "in_progress" | "planned" | "done" | "backlog" | "on_hold" | undefined; dueDate?: string | undefined; tags?: string[] | undefined; }'.
src/components/canvas/UnifiedGroupModal.vue(152,102): error TS2339: Property 'estimatedDuration' does not exist on type '{ assigneeId?: string | undefined; priority?: "medium" | "low" | "high" | undefined; status?: "in_progress" | "planned" | "done" | "backlog" | "on_hold" | undefined; dueDate?: string | undefined; tags?: string[] | undefined; }'.
src/components/canvas/UnifiedGroupModal.vue(155,63): error TS2339: Property 'estimatedDuration' does not exist on type '{ assigneeId?: string | undefined; priority?: "medium" | "low" | "high" | undefined; status?: "in_progress" | "planned" | "done" | "backlog" | "on_hold" | undefined; dueDate?: string | undefined; tags?: string[] | undefined; }'.
src/components/canvas/UnifiedGroupModal.vue(288,3): error TS2322: Type 'null' is not assignable to type '"medium" | "low" | "high" | undefined'.
src/components/canvas/UnifiedGroupModal.vue(289,3): error TS2322: Type 'null' is not assignable to type '"in_progress" | "planned" | "done" | "backlog" | "on_hold" | undefined'.
src/components/canvas/UnifiedGroupModal.vue(290,3): error TS2322: Type 'null' is not assignable to type 'string | undefined'.
src/components/canvas/UnifiedGroupModal.vue(312,99): error TS2339: Property 'projectId' does not exist on type '{ assigneeId?: string | undefined; priority?: "medium" | "low" | "high" | undefined; status?: "in_progress" | "planned" | "done" | "backlog" | "on_hold" | undefined; dueDate?: string | undefined; tags?: string[] | undefined; }'.
src/components/canvas/UnifiedGroupModal.vue(312,126): error TS2339: Property 'estimatedDuration' does not exist on type '{ assigneeId?: string | undefined; priority?: "medium" | "low" | "high" | undefined; status?: "in_progress" | "planned" | "done" | "backlog" | "on_hold" | undefined; dueDate?: string | undefined; tags?: string[] | undefined; }'.
src/components/canvas/UnifiedGroupModal.vue(365,54): error TS2339: Property 'estimatedDuration' does not exist on type '{ assigneeId?: string | undefined; priority?: "medium" | "low" | "high" | undefined; status?: "in_progress" | "planned" | "done" | "backlog" | "on_hold" | undefined; dueDate?: string | undefined; tags?: string[] | undefined; }'.
src/components/canvas/UnifiedGroupModal.vue(366,59): error TS2339: Property 'estimatedDuration' does not exist on type '{ assigneeId?: string | undefined; priority?: "medium" | "low" | "high" | undefined; status?: "in_progress" | "planned" | "done" | "backlog" | "on_hold" | undefined; dueDate?: string | undefined; tags?: string[] | undefined; }'.
src/components/canvas/UnifiedGroupModal.vue(367,60): error TS2339: Property 'estimatedDuration' does not exist on type '{ assigneeId?: string | undefined; priority?: "medium" | "low" | "high" | undefined; status?: "in_progress" | "planned" | "done" | "backlog" | "on_hold" | undefined; dueDate?: string | undefined; tags?: string[] | undefined; }'.
src/components/canvas/UnifiedGroupModal.vue(368,58): error TS2339: Property 'estimatedDuration' does not exist on type '{ assigneeId?: string | undefined; priority?: "medium" | "low" | "high" | undefined; status?: "in_progress" | "planned" | "done" | "backlog" | "on_hold" | undefined; dueDate?: string | undefined; tags?: string[] | undefined; }'.
src/components/canvas/UnifiedGroupModal.vue(369,65): error TS2339: Property 'estimatedDuration' does not exist on type '{ assigneeId?: string | undefined; priority?: "medium" | "low" | "high" | undefined; status?: "in_progress" | "planned" | "done" | "backlog" | "on_hold" | undefined; dueDate?: string | undefined; tags?: string[] | undefined; }'.
src/components/canvas/UnifiedGroupModal.vue(383,3): error TS2322: Type 'null' is not assignable to type '"medium" | "low" | "high" | undefined'.
src/components/canvas/UnifiedGroupModal.vue(384,3): error TS2322: Type 'null' is not assignable to type '"in_progress" | "planned" | "done" | "backlog" | "on_hold" | undefined'.
src/components/canvas/UnifiedGroupModal.vue(385,3): error TS2322: Type 'null' is not assignable to type 'string | undefined'.
src/components/canvas/UnifiedGroupModal.vue(386,17): error TS2339: Property 'projectId' does not exist on type '{ assigneeId?: string | undefined; priority?: "medium" | "low" | "high" | undefined; status?: "in_progress" | "planned" | "done" | "backlog" | "on_hold" | undefined; dueDate?: string | undefined; tags?: string[] | undefined; }'.
src/components/canvas/UnifiedGroupModal.vue(387,17): error TS2339: Property 'estimatedDuration' does not exist on type '{ assigneeId?: string | undefined; priority?: "medium" | "low" | "high" | undefined; status?: "in_progress" | "planned" | "done" | "backlog" | "on_hold" | undefined; dueDate?: string | undefined; tags?: string[] | undefined; }'.
src/components/canvas/UnifiedGroupModal.vue(396,19): error TS2339: Property 'projectId' does not exist on type '{ assigneeId?: string | undefined; priority?: "medium" | "low" | "high" | undefined; status?: "in_progress" | "planned" | "done" | "backlog" | "on_hold" | undefined; dueDate?: string | undefined; tags?: string[] | undefined; }'.
src/components/canvas/UnifiedGroupModal.vue(397,19): error TS2339: Property 'estimatedDuration' does not exist on type '{ assigneeId?: string | undefined; priority?: "medium" | "low" | "high" | undefined; status?: "in_progress" | "planned" | "done" | "backlog" | "on_hold" | undefined; dueDate?: string | undefined; tags?: string[] | undefined; }'.
src/components/canvas/UnifiedGroupModal.vue(406,21): error TS2339: Property 'projectId' does not exist on type '{ assigneeId?: string | undefined; priority?: "medium" | "low" | "high" | undefined; status?: "in_progress" | "planned" | "done" | "backlog" | "on_hold" | undefined; dueDate?: string | undefined; tags?: string[] | undefined; }'.
src/components/canvas/UnifiedGroupModal.vue(407,21): error TS2339: Property 'estimatedDuration' does not exist on type '{ assigneeId?: string | undefined; priority?: "medium" | "low" | "high" | undefined; status?: "in_progress" | "planned" | "done" | "backlog" | "on_hold" | undefined; dueDate?: string | undefined; tags?: string[] | undefined; }'.
src/components/canvas/UnifiedGroupModal.vue(420,21): error TS2339: Property 'projectId' does not exist on type '{ assigneeId?: string | undefined; priority?: "medium" | "low" | "high" | undefined; status?: "in_progress" | "planned" | "done" | "backlog" | "on_hold" | undefined; dueDate?: string | undefined; tags?: string[] | undefined; }'.
src/components/canvas/UnifiedGroupModal.vue(420,45): error TS2339: Property 'projectId' does not exist on type 'AssignOnDropSettings'.
src/components/canvas/UnifiedGroupModal.vue(420,71): error TS2339: Property 'projectId' does not exist on type '{ assigneeId?: string | undefined; priority?: "medium" | "low" | "high" | undefined; status?: "in_progress" | "planned" | "done" | "backlog" | "on_hold" | undefined; dueDate?: string | undefined; tags?: string[] | undefined; }'.
src/components/canvas/UnifiedGroupModal.vue(421,21): error TS2339: Property 'estimatedDuration' does not exist on type '{ assigneeId?: string | undefined; priority?: "medium" | "low" | "high" | undefined; status?: "in_progress" | "planned" | "done" | "backlog" | "on_hold" | undefined; dueDate?: string | undefined; tags?: string[] | undefined; }'.
src/components/canvas/UnifiedGroupModal.vue(422,18): error TS2339: Property 'estimatedDuration' does not exist on type 'AssignOnDropSettings'.
src/components/canvas/UnifiedGroupModal.vue(422,52): error TS2339: Property 'estimatedDuration' does not exist on type '{ assigneeId?: string | undefined; priority?: "medium" | "low" | "high" | undefined; status?: "in_progress" | "planned" | "done" | "backlog" | "on_hold" | undefined; dueDate?: string | undefined; tags?: string[] | undefined; }'.
src/components/canvas/UnifiedGroupModal.vue(422,100): error TS2339: Property 'estimatedDuration' does not exist on type '{ assigneeId?: string | undefined; priority?: "medium" | "low" | "high" | undefined; status?: "in_progress" | "planned" | "done" | "backlog" | "on_hold" | undefined; dueDate?: string | undefined; tags?: string[] | undefined; }'.
src/components/canvas/UnifiedGroupModal.vue(491,21): error TS2339: Property 'projectId' does not exist on type '{ assigneeId?: string | undefined; priority?: "medium" | "low" | "high" | undefined; status?: "in_progress" | "planned" | "done" | "backlog" | "on_hold" | undefined; dueDate?: string | undefined; tags?: string[] | undefined; }'.
src/components/canvas/UnifiedGroupModal.vue(494,23): error TS2339: Property 'estimatedDuration' does not exist on type '{ assigneeId?: string | undefined; priority?: "medium" | "low" | "high" | undefined; status?: "in_progress" | "planned" | "done" | "backlog" | "on_hold" | undefined; dueDate?: string | undefined; tags?: string[] | undefined; }'.
src/components/canvas/UnifiedGroupModal.vue(496,23): error TS2339: Property 'estimatedDuration' does not exist on type '{ assigneeId?: string | undefined; priority?: "medium" | "low" | "high" | undefined; status?: "in_progress" | "planned" | "done" | "backlog" | "on_hold" | undefined; dueDate?: string | undefined; tags?: string[] | undefined; }'.
src/components/common/GroupModal.vue(273,5): error TS2769: No overload matches this call.
  Overload 1 of 3, '(evt: "created", group: CanvasGroup): void', gave the following error.
    Argument of type 'CanvasGroup | Promise<CanvasGroup>' is not assignable to parameter of type 'CanvasGroup'.
      Type 'Promise<CanvasGroup>' is missing the following properties from type 'CanvasGroup': id, name, type, position, and 4 more.
  Overload 2 of 3, '(evt: "updated", group: CanvasGroup): void', gave the following error.
    Argument of type '"created"' is not assignable to parameter of type '"updated"'.
src/components/inbox/CalendarInboxPanel.vue(68,9): error TS2322: Type 'string | null' is not assignable to type 'string | number'.
  Type 'null' is not assignable to type 'string | number'.
src/components/inbox/UnifiedInboxPanel.vue(67,17): error TS2339: Property 'getChipStyle' does not exist on type '{ ChevronLeft: Icon; ChevronRight: Icon; Play: Icon; Edit2: Icon; Timer: Icon; Calendar: Icon; Clock: Icon; CalendarDays: Icon; Trash2: Icon; ... 79 more ...; $router: Router; }'.
src/components/inbox/UnifiedInboxPanel.vue(70,27): error TS2339: Property 'color' does not exist on type '{ label: string; value: string; }'.
src/components/inbox/UnifiedInboxPanel.vue(70,84): error TS2339: Property 'color' does not exist on type '{ label: string; value: string; }'.
src/components/sync/BackupVerificationButton.vue(153,10): error TS2724: '"@/composables/useBackupSystem"' has no exported member named 'backupSystem'. Did you mean 'useBackupSystem'?
src/components/sync/CloudSyncSettings.vue(141,9): error TS2339: Property 'fetchStatus' does not exist on type '{ isSyncing: Ref<boolean, boolean>; lastSyncError: Ref<string | null, string | null>; fetchProjects: () => Promise<Project[]>; saveProject: (project: Project) => Promise<...>; ... 25 more ...; initRealtimeSubscription: (onProjectChange: (payload: any) => void, onTaskChange: (payload: any) => void, onTimerChange?: ((...'.
src/components/sync/CloudSyncSettings.vue(233,5): error TS2304: Cannot find name 'githubToken'.
src/components/sync/CloudSyncSettings.vue(239,5): error TS2304: Cannot find name 'couchdbUrl'.
src/components/sync/CloudSyncSettings.vue(243,5): error TS2304: Cannot find name 'couchdbUsername'.
src/components/sync/CloudSyncSettings.vue(247,5): error TS2304: Cannot find name 'couchdbPassword'.
src/components/sync/CloudSyncSettings.vue(257,41): error TS2339: Property 'nextSyncIn' does not exist on type '{ isOnline: boolean; provider: string; lastSyncTime: number; syncUrl: string; deviceName: string; deviceId: string; }'.
src/components/sync/ConflictResolutionDialog.vue(278,49): error TS2307: Cannot find module '@/utils/conflictResolution' or its corresponding type declarations.
src/components/sync/ConflictResolutionDialog.vue(306,26): error TS7006: Parameter 'c' implicitly has an 'any' type.
src/components/sync/ConflictResolutionDialog.vue(310,26): error TS7006: Parameter 'c' implicitly has an 'any' type.
src/components/sync/ConflictResolutionDialog.vue(317,47): error TS7006: Parameter 'c' implicitly has an 'any' type.
src/components/sync/ConflictResolutionDialog.vue(318,49): error TS7006: Parameter 'c' implicitly has an 'any' type.
src/components/sync/ConflictResolutionDialog.vue(344,60): error TS7006: Parameter 'c' implicitly has an 'any' type.
src/components/sync/ConflictResolutionDialog.vue(454,37): error TS7006: Parameter 'conflict' implicitly has an 'any' type.
src/components/sync/ConflictResolutionDialog.vue(460,37): error TS7006: Parameter 'conflict' implicitly has an 'any' type.
src/components/sync/ConflictResolutionDialog.vue(466,27): error TS7006: Parameter 'conflict' implicitly has an 'any' type.
src/components/sync/ConflictResolutionDialog.vue(508,27): error TS7006: Parameter 'conflict' implicitly has an 'any' type.
src/components/sync/ManualMergeModal.vue(125,35): error TS2307: Cannot find module '@/utils/conflictResolution' or its corresponding type declarations.
src/components/sync/SyncHealthDashboard.vue(370,48): error TS2339: Property 'syncStatus' does not exist on type '{ status: Ref<SyncStatus, SyncStatus>; isSyncing: Ref<boolean, boolean>; lastError: Ref<string | null, string | null>; isOnline: Ref<boolean, boolean>; ... 17 more ...; dispose: () => void; }'.
src/components/sync/SyncHealthDashboard.vue(371,50): error TS2339: Property 'lastSyncTime' does not exist on type '{ status: Ref<SyncStatus, SyncStatus>; isSyncing: Ref<boolean, boolean>; lastError: Ref<string | null, string | null>; isOnline: Ref<boolean, boolean>; ... 17 more ...; dispose: () => void; }'.
src/components/sync/SyncHealthDashboard.vue(373,47): error TS2551: Property 'conflicts' does not exist on type '{ status: Ref<SyncStatus, SyncStatus>; isSyncing: Ref<boolean, boolean>; lastError: Ref<string | null, string | null>; isOnline: Ref<boolean, boolean>; ... 17 more ...; dispose: () => void; }'. Did you mean 'getConflicts'?
src/components/sync/SyncHealthDashboard.vue(374,55): error TS2339: Property 'resolutions' does not exist on type '{ status: Ref<SyncStatus, SyncStatus>; isSyncing: Ref<boolean, boolean>; lastError: Ref<string | null, string | null>; isOnline: Ref<boolean, boolean>; ... 17 more ...; dispose: () => void; }'.
src/components/sync/SyncHealthDashboard.vue(379,34): error TS2339: Property 'networkOptimizer' does not exist on type '{ status: Ref<SyncStatus, SyncStatus>; isSyncing: Ref<boolean, boolean>; lastError: Ref<string | null, string | null>; isOnline: Ref<boolean, boolean>; ... 17 more ...; dispose: () => void; }'.
src/components/sync/SyncHealthDashboard.vue(390,32): error TS2339: Property 'metrics' does not exist on type '{ status: Ref<SyncStatus, SyncStatus>; isSyncing: Ref<boolean, boolean>; lastError: Ref<string | null, string | null>; isOnline: Ref<boolean, boolean>; ... 17 more ...; dispose: () => void; }'.
src/components/sync/SyncHealthDashboard.vue(538,24): error TS2339: Property 'throttledSync' does not exist on type '{ status: Ref<SyncStatus, SyncStatus>; isSyncing: Ref<boolean, boolean>; lastError: Ref<string | null, string | null>; isOnline: Ref<boolean, boolean>; ... 17 more ...; dispose: () => void; }'.
src/components/sync/SyncIntegrationExample.vue(236,52): error TS2307: Cannot find module '@/utils/syncTestSuite' or its corresponding type declarations.
src/components/sync/SyncIntegrationExample.vue(279,48): error TS2339: Property 'syncStatus' does not exist on type '{ status: Ref<SyncStatus, SyncStatus>; isSyncing: Ref<boolean, boolean>; lastError: Ref<string | null, string | null>; isOnline: Ref<boolean, boolean>; ... 17 more ...; dispose: () => void; }'.
src/components/sync/SyncIntegrationExample.vue(281,46): error TS2339: Property 'hasErrors' does not exist on type '{ status: Ref<SyncStatus, SyncStatus>; isSyncing: Ref<boolean, boolean>; lastError: Ref<string | null, string | null>; isOnline: Ref<boolean, boolean>; ... 17 more ...; dispose: () => void; }'.
src/components/sync/SyncIntegrationExample.vue(286,39): error TS2339: Property 'remoteConnected' does not exist on type '{ status: Ref<SyncStatus, SyncStatus>; isSyncing: Ref<boolean, boolean>; lastError: Ref<string | null, string | null>; isOnline: Ref<boolean, boolean>; ... 17 more ...; dispose: () => void; }'.
src/components/sync/SyncIntegrationExample.vue(291,30): error TS2551: Property 'getSyncHealth' does not exist on type '{ status: Ref<SyncStatus, SyncStatus>; isSyncing: Ref<boolean, boolean>; lastError: Ref<string | null, string | null>; isOnline: Ref<boolean, boolean>; ... 17 more ...; dispose: () => void; }'. Did you mean 'syncHealth'?
src/components/sync/SyncIntegrationExample.vue(296,34): error TS2339: Property 'remoteConnected' does not exist on type '{ status: Ref<SyncStatus, SyncStatus>; isSyncing: Ref<boolean, boolean>; lastError: Ref<string | null, string | null>; isOnline: Ref<boolean, boolean>; ... 17 more ...; dispose: () => void; }'.
src/components/sync/SyncIntegrationExample.vue(300,31): error TS2339: Property 'lastSyncTime' does not exist on type '{ status: Ref<SyncStatus, SyncStatus>; isSyncing: Ref<boolean, boolean>; lastError: Ref<string | null, string | null>; isOnline: Ref<boolean, boolean>; ... 17 more ...; dispose: () => void; }'.
src/components/sync/SyncIntegrationExample.vue(306,29): error TS2339: Property 'error' does not exist on type '{ status: Ref<SyncStatus, SyncStatus>; isSyncing: Ref<boolean, boolean>; lastError: Ref<string | null, string | null>; isOnline: Ref<boolean, boolean>; ... 17 more ...; dispose: () => void; }'.
src/components/sync/SyncIntegrationExample.vue(328,23): error TS2339: Property 'triggerSync' does not exist on type '{ status: Ref<SyncStatus, SyncStatus>; isSyncing: Ref<boolean, boolean>; lastError: Ref<string | null, string | null>; isOnline: Ref<boolean, boolean>; ... 17 more ...; dispose: () => void; }'.
src/components/sync/SyncIntegrationExample.vue(338,23): error TS2339: Property 'cleanup' does not exist on type '{ status: Ref<SyncStatus, SyncStatus>; isSyncing: Ref<boolean, boolean>; lastError: Ref<string | null, string | null>; isOnline: Ref<boolean, boolean>; ... 17 more ...; dispose: () => void; }'.
src/components/sync/SyncIntegrationExample.vue(348,23): error TS2339: Property 'init' does not exist on type '{ status: Ref<SyncStatus, SyncStatus>; isSyncing: Ref<boolean, boolean>; lastError: Ref<string | null, string | null>; isOnline: Ref<boolean, boolean>; ... 17 more ...; dispose: () => void; }'.
src/components/sync/SyncIntegrationExample.vue(356,15): error TS2551: Property 'clearSyncErrors' does not exist on type '{ status: Ref<SyncStatus, SyncStatus>; isSyncing: Ref<boolean, boolean>; lastError: Ref<string | null, string | null>; isOnline: Ref<boolean, boolean>; ... 17 more ...; dispose: () => void; }'. Did you mean 'clearErrors'?
src/components/sync/SyncStatus.vue(32,21): error TS2339: Property 'lastValidation' does not exist on type '{ RefreshCw: Icon; Wifi: Icon; WifiOff: Icon; Pause: Icon; Play: Icon; Settings: Icon; Database: Icon; Trash2: Icon; Heart: Icon; Download: Icon; ... 64 more ...; $router: Router; }'.
src/components/sync/SyncStatus.vue(32,39): error TS2339: Property 'lastValidation' does not exist on type '{ RefreshCw: Icon; Wifi: Icon; WifiOff: Icon; Pause: Icon; Play: Icon; Settings: Icon; Database: Icon; Trash2: Icon; Heart: Icon; Download: Icon; ... 64 more ...; $router: Router; }'.
src/components/sync/SyncStatus.vue(33,16): error TS2339: Property 'lastValidation' does not exist on type '{ RefreshCw: Icon; Wifi: Icon; WifiOff: Icon; Pause: Icon; Play: Icon; Settings: Icon; Database: Icon; Trash2: Icon; Heart: Icon; Download: Icon; ... 64 more ...; $router: Router; }'.
src/components/sync/SyncStatus.vue(33,45): error TS7006: Parameter 'i' implicitly has an 'any' type.
src/components/sync/SyncStatus.vue(61,29): error TS2367: This comparison appears to be unintentional because the types '"error" | "local" | "syncing" | "complete"' and '"paused"' have no overlap.
src/components/sync/SyncStatus.vue(62,17): error TS2367: This comparison appears to be unintentional because the types '"error" | "local" | "syncing" | "complete"' and '"paused"' have no overlap.
src/components/sync/SyncStatus.vue(66,16): error TS2367: This comparison appears to be unintentional because the types '"error" | "local" | "syncing" | "complete"' and '"paused"' have no overlap.
src/components/sync/SyncStatus.vue(156,18): error TS2551: Property 'formatUptime' does not exist on type '{ RefreshCw: Icon; Wifi: Icon; WifiOff: Icon; Pause: Icon; Play: Icon; Settings: Icon; Database: Icon; Trash2: Icon; Heart: Icon; Download: Icon; ... 64 more ...; $router: Router; }'. Did you mean 'formatTime'?
src/components/sync/SyncStatus.vue(170,28): error TS2339: Property 'documentId' does not exist on type 'never'.
src/components/sync/SyncStatus.vue(172,42): error TS2339: Property 'severity' does not exist on type 'never'.
src/components/sync/SyncStatus.vue(176,29): error TS2339: Property 'documentId' does not exist on type 'never'.
src/components/sync/SyncStatus.vue(179,29): error TS2339: Property 'conflictType' does not exist on type 'never'.
src/components/sync/SyncStatus.vue(182,29): error TS2339: Property 'autoResolvable' does not exist on type 'never'.
src/components/sync/SyncStatus.vue(216,18): error TS2339: Property 'lastValidation' does not exist on type '{ RefreshCw: Icon; Wifi: Icon; WifiOff: Icon; Pause: Icon; Play: Icon; Settings: Icon; Database: Icon; Trash2: Icon; Heart: Icon; Download: Icon; ... 64 more ...; $router: Router; }'.
src/components/sync/SyncStatus.vue(224,18): error TS2339: Property 'lastValidation' does not exist on type '{ RefreshCw: Icon; Wifi: Icon; WifiOff: Icon; Pause: Icon; Play: Icon; Settings: Icon; Database: Icon; Trash2: Icon; Heart: Icon; Download: Icon; ... 64 more ...; $router: Router; }'.
src/components/sync/SyncStatus.vue(224,54): error TS2339: Property 'lastValidation' does not exist on type '{ RefreshCw: Icon; Wifi: Icon; WifiOff: Icon; Pause: Icon; Play: Icon; Settings: Icon; Database: Icon; Trash2: Icon; Heart: Icon; Download: Icon; ... 64 more ...; $router: Router; }'.
src/components/sync/SyncStatus.vue(229,68): error TS2339: Property 'lastValidation' does not exist on type '{ RefreshCw: Icon; Wifi: Icon; WifiOff: Icon; Pause: Icon; Play: Icon; Settings: Icon; Database: Icon; Trash2: Icon; Heart: Icon; Download: Icon; ... 64 more ...; $router: Router; }'.
src/components/sync/SyncStatus.vue(230,18): error TS2339: Property 'lastValidation' does not exist on type '{ RefreshCw: Icon; Wifi: Icon; WifiOff: Icon; Pause: Icon; Play: Icon; Settings: Icon; Database: Icon; Trash2: Icon; Heart: Icon; Download: Icon; ... 64 more ...; $router: Router; }'.
src/components/sync/SyncStatus.vue(236,18): error TS2339: Property 'lastValidation' does not exist on type '{ RefreshCw: Icon; Wifi: Icon; WifiOff: Icon; Pause: Icon; Play: Icon; Settings: Icon; Database: Icon; Trash2: Icon; Heart: Icon; Download: Icon; ... 64 more ...; $router: Router; }'.
src/components/sync/SyncStatus.vue(242,20): error TS2339: Property 'lastValidation' does not exist on type '{ RefreshCw: Icon; Wifi: Icon; WifiOff: Icon; Pause: Icon; Play: Icon; Settings: Icon; Database: Icon; Trash2: Icon; Heart: Icon; Download: Icon; ... 64 more ...; $router: Router; }'.
src/components/sync/SyncStatus.vue(244,29): error TS2339: Property 'lastValidation' does not exist on type '{ RefreshCw: Icon; Wifi: Icon; WifiOff: Icon; Pause: Icon; Play: Icon; Settings: Icon; Database: Icon; Trash2: Icon; Heart: Icon; Download: Icon; ... 64 more ...; $router: Router; }'.
src/components/sync/SyncStatus.vue(256,22): error TS2339: Property 'lastValidation' does not exist on type '{ RefreshCw: Icon; Wifi: Icon; WifiOff: Icon; Pause: Icon; Play: Icon; Settings: Icon; Database: Icon; Trash2: Icon; Heart: Icon; Download: Icon; ... 64 more ...; $router: Router; }'.
src/components/sync/SyncStatus.vue(257,17): error TS2339: Property 'lastValidation' does not exist on type '{ RefreshCw: Icon; Wifi: Icon; WifiOff: Icon; Pause: Icon; Play: Icon; Settings: Icon; Database: Icon; Trash2: Icon; Heart: Icon; Download: Icon; ... 64 more ...; $router: Router; }'.
src/components/sync/SyncStatus.vue(445,26): error TS2367: This comparison appears to be unintentional because the types '"error" | "local" | "syncing" | "complete"' and '"paused"' have no overlap.
src/components/sync/SyncStatusIndicator.vue(238,75): error TS2339: Property 'syncStatus' does not exist on type '{ status: Ref<SyncStatus, SyncStatus>; isSyncing: Ref<boolean, boolean>; lastError: Ref<string | null, string | null>; isOnline: Ref<boolean, boolean>; ... 17 more ...; dispose: () => void; }'.
src/components/sync/SyncStatusIndicator.vue(242,25): error TS2339: Property 'syncStatus' does not exist on type '{ status: Ref<SyncStatus, SyncStatus>; isSyncing: Ref<boolean, boolean>; lastError: Ref<string | null, string | null>; isOnline: Ref<boolean, boolean>; ... 17 more ...; dispose: () => void; }'.
src/components/sync/SyncStatusIndicator.vue(250,90): error TS2322: Type '"resolving_conflicts"' is not assignable to type 'SyncStatus | "retrying"'.
src/components/sync/SyncStatusIndicator.vue(250,113): error TS2322: Type '"validating"' is not assignable to type 'SyncStatus | "retrying"'.
src/components/sync/SyncStatusIndicator.vue(281,42): error TS2339: Property 'error' does not exist on type '{ status: Ref<SyncStatus, SyncStatus>; isSyncing: Ref<boolean, boolean>; lastError: Ref<string | null, string | null>; isOnline: Ref<boolean, boolean>; ... 17 more ...; dispose: () => void; }'.
src/components/sync/SyncStatusIndicator.vue(282,49): error TS2339: Property 'lastSyncTime' does not exist on type '{ status: Ref<SyncStatus, SyncStatus>; isSyncing: Ref<boolean, boolean>; lastError: Ref<string | null, string | null>; isOnline: Ref<boolean, boolean>; ... 17 more ...; dispose: () => void; }'.
src/components/sync/SyncStatusIndicator.vue(284,52): error TS2339: Property 'remoteConnected' does not exist on type '{ status: Ref<SyncStatus, SyncStatus>; isSyncing: Ref<boolean, boolean>; lastError: Ref<string | null, string | null>; isOnline: Ref<boolean, boolean>; ... 17 more ...; dispose: () => void; }'.
src/components/sync/SyncStatusIndicator.vue(286,46): error TS2339: Property 'hasErrors' does not exist on type '{ status: Ref<SyncStatus, SyncStatus>; isSyncing: Ref<boolean, boolean>; lastError: Ref<string | null, string | null>; isOnline: Ref<boolean, boolean>; ... 17 more ...; dispose: () => void; }'.
src/components/sync/SyncStatusIndicator.vue(287,46): error TS2551: Property 'conflicts' does not exist on type '{ status: Ref<SyncStatus, SyncStatus>; isSyncing: Ref<boolean, boolean>; lastError: Ref<string | null, string | null>; isOnline: Ref<boolean, boolean>; ... 17 more ...; dispose: () => void; }'. Did you mean 'getConflicts'?
src/components/sync/SyncStatusIndicator.vue(308,48): error TS2551: Property 'getSyncMetrics' does not exist on type '{ status: Ref<SyncStatus, SyncStatus>; isSyncing: Ref<boolean, boolean>; lastError: Ref<string | null, string | null>; isOnline: Ref<boolean, boolean>; ... 17 more ...; dispose: () => void; }'. Did you mean 'syncMetrics'?
src/components/sync/SyncStatusIndicator.vue(329,10): error TS2678: Type '"resolving_conflicts"' is not comparable to type 'SyncStatus | "retrying"'.
src/components/sync/SyncStatusIndicator.vue(331,10): error TS2678: Type '"validating"' is not comparable to type 'SyncStatus | "retrying"'.
src/components/sync/SyncStatusIndicator.vue(396,23): error TS2339: Property 'triggerSync' does not exist on type '{ status: Ref<SyncStatus, SyncStatus>; isSyncing: Ref<boolean, boolean>; lastError: Ref<string | null, string | null>; isOnline: Ref<boolean, boolean>; ... 17 more ...; dispose: () => void; }'.
src/components/sync/SyncStatusIndicator.vue(405,23): error TS2339: Property 'init' does not exist on type '{ status: Ref<SyncStatus, SyncStatus>; isSyncing: Ref<boolean, boolean>; lastError: Ref<string | null, string | null>; isOnline: Ref<boolean, boolean>; ... 17 more ...; dispose: () => void; }'.
src/components/sync/SyncStatusIndicator.vue(414,23): error TS2339: Property 'cleanup' does not exist on type '{ status: Ref<SyncStatus, SyncStatus>; isSyncing: Ref<boolean, boolean>; lastError: Ref<string | null, string | null>; isOnline: Ref<boolean, boolean>; ... 17 more ...; dispose: () => void; }'.
src/components/sync/SyncStatusIndicator.vue(435,23): error TS2339: Property 'triggerSync' does not exist on type '{ status: Ref<SyncStatus, SyncStatus>; isSyncing: Ref<boolean, boolean>; lastError: Ref<string | null, string | null>; isOnline: Ref<boolean, boolean>; ... 17 more ...; dispose: () => void; }'.
src/components/sync/SyncStatusIndicator.vue(453,15): error TS2551: Property 'clearSyncErrors' does not exist on type '{ status: Ref<SyncStatus, SyncStatus>; isSyncing: Ref<boolean, boolean>; lastError: Ref<string | null, string | null>; isOnline: Ref<boolean, boolean>; ... 17 more ...; dispose: () => void; }'. Did you mean 'clearErrors'?
src/composables/app/useSidebarManagement.ts(297,13): error TS2339: Property 'persistState' does not exist on type 'Store<"ui", Pick<{ mainSidebarVisible: Ref<boolean, boolean>; secondarySidebarVisible: Ref<boolean, boolean>; focusMode: Ref<boolean, boolean>; boardDensity: Ref<"comfortable" | "ultrathin" | "compact", "comfortable" | ... 1 more ... | "compact">; ... 35 more ...; loadState: () => void; }, "mainSidebarVisible" | ......'.
src/composables/app/useSidebarManagement.ts(368,17): error TS2339: Property 'persistState' does not exist on type 'Store<"ui", Pick<{ mainSidebarVisible: Ref<boolean, boolean>; secondarySidebarVisible: Ref<boolean, boolean>; focusMode: Ref<boolean, boolean>; boardDensity: Ref<"comfortable" | "ultrathin" | "compact", "comfortable" | ... 1 more ... | "compact">; ... 35 more ...; loadState: () => void; }, "mainSidebarVisible" | ......'.
src/composables/app/useSidebarManagement.ts(381,15): error TS2339: Property 'persistState' does not exist on type 'Store<"ui", Pick<{ mainSidebarVisible: Ref<boolean, boolean>; secondarySidebarVisible: Ref<boolean, boolean>; focusMode: Ref<boolean, boolean>; boardDensity: Ref<"comfortable" | "ultrathin" | "compact", "comfortable" | ... 1 more ... | "compact">; ... 35 more ...; loadState: () => void; }, "mainSidebarVisible" | ......'.
src/composables/app/useSidebarManagement.ts(441,13): error TS2339: Property 'persistState' does not exist on type 'Store<"ui", Pick<{ mainSidebarVisible: Ref<boolean, boolean>; secondarySidebarVisible: Ref<boolean, boolean>; focusMode: Ref<boolean, boolean>; boardDensity: Ref<"comfortable" | "ultrathin" | "compact", "comfortable" | ... 1 more ... | "compact">; ... 35 more ...; loadState: () => void; }, "mainSidebarVisible" | ......'.
src/composables/canvas/useCanvasZoom.ts(20,13): error TS2339: Property 'zoomConfig' does not exist on type 'ToRefs<Pick<{ viewport: Ref<{ x: number; y: number; zoom: number; }, { x: number; y: number; zoom: number; } | { x: number; y: number; zoom: number; }>; groups: ComputedRef<{ id: string; name: string; type: "status" | "priority" | "custom" | "project" | "timeline"; ... 13 more ...; propertyValue?: any; }[]>; ... 56 ...'.
src/composables/undoSingleton.ts(148,17): error TS2540: Cannot assign to 'groups' because it is a read-only property.
src/composables/undoSingleton.ts(191,17): error TS2540: Cannot assign to 'groups' because it is a read-only property.
src/composables/useDatabase.ts(71,5): error TS2783: 'isSyncing' is specified more than once, so this usage will be overwritten.
src/composables/useGroupSettings.ts(10,37): error TS2305: Module '"@/stores/canvas"' has no exported member 'CollectFilterSettings'.
src/composables/useGroupSettings.ts(93,16): error TS2339: Property 'projectId' does not exist on type 'AssignOnDropSettings'.
src/composables/useGroupSettings.ts(96,16): error TS2339: Property 'estimatedDuration' does not exist on type 'AssignOnDropSettings'.
src/composables/useGroupSettings.ts(96,60): error TS2339: Property 'estimatedDuration' does not exist on type 'AssignOnDropSettings'.
src/composables/useGroupSettings.ts(97,24): error TS2339: Property 'estimatedDuration' does not exist on type 'AssignOnDropSettings'.
src/composables/useGroupSettings.ts(105,23): error TS2339: Property 'estimatedDuration' does not exist on type 'AssignOnDropSettings'.
src/composables/useGroupSettings.ts(139,37): error TS2339: Property 'estimatedDuration' does not exist on type 'AssignOnDropSettings'.
src/composables/useGroupSettings.ts(140,42): error TS2339: Property 'estimatedDuration' does not exist on type 'AssignOnDropSettings'.
src/composables/useGroupSettings.ts(141,43): error TS2339: Property 'estimatedDuration' does not exist on type 'AssignOnDropSettings'.
src/composables/useGroupSettings.ts(142,41): error TS2339: Property 'estimatedDuration' does not exist on type 'AssignOnDropSettings'.
src/composables/useGroupSettings.ts(143,48): error TS2339: Property 'estimatedDuration' does not exist on type 'AssignOnDropSettings'.
src/services/sync/SyncOperationService.ts(2,39): error TS2307: Cannot find module '@/utils/conflictDetector' or its corresponding type declarations.
src/services/sync/SyncOrchestrator.ts(12,34): error TS2307: Cannot find module '@/utils/conflictDetector' or its corresponding type declarations.
src/services/sync/SyncOrchestrator.ts(250,71): error TS7006: Parameter 'c' implicitly has an 'any' type.
src/stores/canvas/canvasUi.ts(114,44): error TS2339: Property 'load' does not exist on type '{ isSyncing: Ref<boolean, boolean>; lastSyncError: Ref<string | null, string | null>; fetchProjects: () => Promise<Project[]>; saveProject: (project: Project) => Promise<...>; ... 25 more ...; initRealtimeSubscription: (onProjectChange: (payload: any) => void, onTaskChange: (payload: any) => void, onTimerChange?: ((...'.
src/stores/canvas/canvasUi.ts(114,89): error TS2304: Cannot find name 'DB_KEYS'.
src/views/CalendarView.vue(323,3): error TS2339: Property 'handleInboxContextMenu' does not exist on type '{ selectedCalendarEvents: Ref<{ id: string; taskId: string; instanceId: string; title: string; startTime: Date; endTime: Date; duration: number; startSlot: number; slotSpan: number; color: string; column: number; totalColumns: number; isDueDate: boolean; projectId?: string | undefined; }[], CalendarEvent[] | { ...; ...'.
src/views/CanvasView.vue(1111,34): error TS2352: Conversion of type '{ id: string; name: string; color: string; position: { x: number; y: number; width: number; height: number; }; isCollapsed: false; items: never[]; type: "custom"; }' to type 'CanvasGroup' may be a mistake because neither type sufficiently overlaps with the other. If this was intentional, convert the expression to 'unknown' first.
  Type '{ id: string; name: string; color: string; position: { x: number; y: number; width: number; height: number; }; isCollapsed: false; items: never[]; type: "custom"; }' is missing the following properties from type 'CanvasGroup': layout, isVisible
src/views/CanvasView.vue(2010,58): error TS2345: Argument of type '{ id: string; name: string; type: "status" | "priority" | "custom" | "project" | "timeline"; position: { x: number; y: number; width: number; height: number; }; color: string; filters?: { priorities?: ("medium" | ... 1 more ... | "high")[] | undefined; statuses?: ("in_progress" | ... 3 more ... | "on_hold")[] | unde...' is not assignable to parameter of type 'string'.
src/views/CanvasView.vue(2713,47): error TS2345: Argument of type 'CanvasGroup' is not assignable to parameter of type 'string'.
